<?xml version="1.0" encoding="ISO-8859-1" ?>
<link_info>
   <banner>TI ARM Clang Linker PC v4.0.3.LTS</banner>
   <copyright>Copyright (c) 1996-2018 Texas Instruments Incorporated</copyright>
   <command_line>D:\ti\ccs2020\ccs\tools\compiler\ti-cgt-armllvm_4.0.3.LTS\bin\tiarmlnk -ID:\ti\ccs2020\ccs\tools\compiler\ti-cgt-armllvm_4.0.3.LTS\lib -o empty_LP_MSPM0G3507_nortos_ticlang.out -mempty_LP_MSPM0G3507_nortos_ticlang.map -iD:/ti/mspm0_sdk_2_01_00_03/source -iC:/Users/Mayn/Desktop/CCS/WHEELTEC_C07A_BalanceCar/WHEELTEC_C07A_BalanceCar/empty_LP_MSPM0G3507_nortos_ticlang -iC:/Users/Mayn/Desktop/CCS/WHEELTEC_C07A_BalanceCar/WHEELTEC_C07A_BalanceCar/empty_LP_MSPM0G3507_nortos_ticlang/Debug/syscfg -iD:/ti/ccs2020/ccs/tools/compiler/ti-cgt-armllvm_4.0.3.LTS/lib --diag_wrap=off --display_error_number --warn_sections --xml_link_info=empty_LP_MSPM0G3507_nortos_ticlang_linkInfo.xml --rom_model ./empty.o ./ti_msp_dl_config.o ./startup_mspm0g350x_ticlang.o ./BSP/KF.o ./BSP/bsp_debugtimer.o ./BSP/bsp_iic.o ./BSP/bsp_key.o ./BSP/bsp_oled.o ./BSP/bsp_printf.o ./BSP/bsp_systick.o ./BSP/MPU6050/DMP/inv_mpu.o ./BSP/MPU6050/DMP/inv_mpu_dmp_motion_driver.o ./BSP/MPU6050/MPU6050.o ./WHEELTEC_APP/balance.o ./WHEELTEC_APP/bluetooth.o ./WHEELTEC_APP/show.o -l./device_linker.cmd -ldevice.cmd.genlibs -llibc.a --start-group -llibc++.a -llibc++abi.a -llibc.a -llibsys.a -llibsysbm.a -llibclang_rt.builtins.a -llibclang_rt.profile.a --end-group --cg_opt_level=0</command_line>
   <link_time>0x69c37e52</link_time>
   <link_errors>0x0</link_errors>
   <output_file>C:\Users\Mayn\Desktop\CCS\WHEELTEC_C07A_BalanceCar\WHEELTEC_C07A_BalanceCar\empty_LP_MSPM0G3507_nortos_ticlang\Debug\empty_LP_MSPM0G3507_nortos_ticlang.out</output_file>
   <entry_point>
      <name>_c_int00_noargs</name>
      <address>0x9755</address>
   </entry_point>
   <input_file_list>
      <input_file id="fl-1">
         <path>C:\Users\Mayn\Desktop\CCS\WHEELTEC_C07A_BalanceCar\WHEELTEC_C07A_BalanceCar\empty_LP_MSPM0G3507_nortos_ticlang\Debug\.\</path>
         <kind>object</kind>
         <file>empty.o</file>
         <name>empty.o</name>
      </input_file>
      <input_file id="fl-2">
         <path>C:\Users\Mayn\Desktop\CCS\WHEELTEC_C07A_BalanceCar\WHEELTEC_C07A_BalanceCar\empty_LP_MSPM0G3507_nortos_ticlang\Debug\.\</path>
         <kind>object</kind>
         <file>ti_msp_dl_config.o</file>
         <name>ti_msp_dl_config.o</name>
      </input_file>
      <input_file id="fl-3">
         <path>C:\Users\Mayn\Desktop\CCS\WHEELTEC_C07A_BalanceCar\WHEELTEC_C07A_BalanceCar\empty_LP_MSPM0G3507_nortos_ticlang\Debug\.\</path>
         <kind>object</kind>
         <file>startup_mspm0g350x_ticlang.o</file>
         <name>startup_mspm0g350x_ticlang.o</name>
      </input_file>
      <input_file id="fl-4">
         <path>C:\Users\Mayn\Desktop\CCS\WHEELTEC_C07A_BalanceCar\WHEELTEC_C07A_BalanceCar\empty_LP_MSPM0G3507_nortos_ticlang\Debug\.\BSP\</path>
         <kind>object</kind>
         <file>KF.o</file>
         <name>KF.o</name>
      </input_file>
      <input_file id="fl-5">
         <path>C:\Users\Mayn\Desktop\CCS\WHEELTEC_C07A_BalanceCar\WHEELTEC_C07A_BalanceCar\empty_LP_MSPM0G3507_nortos_ticlang\Debug\.\BSP\</path>
         <kind>object</kind>
         <file>bsp_debugtimer.o</file>
         <name>bsp_debugtimer.o</name>
      </input_file>
      <input_file id="fl-6">
         <path>C:\Users\Mayn\Desktop\CCS\WHEELTEC_C07A_BalanceCar\WHEELTEC_C07A_BalanceCar\empty_LP_MSPM0G3507_nortos_ticlang\Debug\.\BSP\</path>
         <kind>object</kind>
         <file>bsp_iic.o</file>
         <name>bsp_iic.o</name>
      </input_file>
      <input_file id="fl-7">
         <path>C:\Users\Mayn\Desktop\CCS\WHEELTEC_C07A_BalanceCar\WHEELTEC_C07A_BalanceCar\empty_LP_MSPM0G3507_nortos_ticlang\Debug\.\BSP\</path>
         <kind>object</kind>
         <file>bsp_key.o</file>
         <name>bsp_key.o</name>
      </input_file>
      <input_file id="fl-8">
         <path>C:\Users\Mayn\Desktop\CCS\WHEELTEC_C07A_BalanceCar\WHEELTEC_C07A_BalanceCar\empty_LP_MSPM0G3507_nortos_ticlang\Debug\.\BSP\</path>
         <kind>object</kind>
         <file>bsp_oled.o</file>
         <name>bsp_oled.o</name>
      </input_file>
      <input_file id="fl-9">
         <path>C:\Users\Mayn\Desktop\CCS\WHEELTEC_C07A_BalanceCar\WHEELTEC_C07A_BalanceCar\empty_LP_MSPM0G3507_nortos_ticlang\Debug\.\BSP\</path>
         <kind>object</kind>
         <file>bsp_printf.o</file>
         <name>bsp_printf.o</name>
      </input_file>
      <input_file id="fl-a">
         <path>C:\Users\Mayn\Desktop\CCS\WHEELTEC_C07A_BalanceCar\WHEELTEC_C07A_BalanceCar\empty_LP_MSPM0G3507_nortos_ticlang\Debug\.\BSP\</path>
         <kind>object</kind>
         <file>bsp_systick.o</file>
         <name>bsp_systick.o</name>
      </input_file>
      <input_file id="fl-b">
         <path>C:\Users\Mayn\Desktop\CCS\WHEELTEC_C07A_BalanceCar\WHEELTEC_C07A_BalanceCar\empty_LP_MSPM0G3507_nortos_ticlang\Debug\.\BSP\MPU6050\DMP\</path>
         <kind>object</kind>
         <file>inv_mpu.o</file>
         <name>inv_mpu.o</name>
      </input_file>
      <input_file id="fl-c">
         <path>C:\Users\Mayn\Desktop\CCS\WHEELTEC_C07A_BalanceCar\WHEELTEC_C07A_BalanceCar\empty_LP_MSPM0G3507_nortos_ticlang\Debug\.\BSP\MPU6050\DMP\</path>
         <kind>object</kind>
         <file>inv_mpu_dmp_motion_driver.o</file>
         <name>inv_mpu_dmp_motion_driver.o</name>
      </input_file>
      <input_file id="fl-d">
         <path>C:\Users\Mayn\Desktop\CCS\WHEELTEC_C07A_BalanceCar\WHEELTEC_C07A_BalanceCar\empty_LP_MSPM0G3507_nortos_ticlang\Debug\.\BSP\MPU6050\</path>
         <kind>object</kind>
         <file>MPU6050.o</file>
         <name>MPU6050.o</name>
      </input_file>
      <input_file id="fl-e">
         <path>C:\Users\Mayn\Desktop\CCS\WHEELTEC_C07A_BalanceCar\WHEELTEC_C07A_BalanceCar\empty_LP_MSPM0G3507_nortos_ticlang\Debug\.\WHEELTEC_APP\</path>
         <kind>object</kind>
         <file>balance.o</file>
         <name>balance.o</name>
      </input_file>
      <input_file id="fl-f">
         <path>C:\Users\Mayn\Desktop\CCS\WHEELTEC_C07A_BalanceCar\WHEELTEC_C07A_BalanceCar\empty_LP_MSPM0G3507_nortos_ticlang\Debug\.\WHEELTEC_APP\</path>
         <kind>object</kind>
         <file>bluetooth.o</file>
         <name>bluetooth.o</name>
      </input_file>
      <input_file id="fl-10">
         <path>C:\Users\Mayn\Desktop\CCS\WHEELTEC_C07A_BalanceCar\WHEELTEC_C07A_BalanceCar\empty_LP_MSPM0G3507_nortos_ticlang\Debug\.\WHEELTEC_APP\</path>
         <kind>object</kind>
         <file>show.o</file>
         <name>show.o</name>
      </input_file>
      <input_file id="fl-1d">
         <path>C:\Users\Mayn\Desktop\CCS\WHEELTEC_C07A_BalanceCar\WHEELTEC_C07A_BalanceCar\empty_LP_MSPM0G3507_nortos_ticlang\Debug\</path>
         <kind>object</kind>
         <file>&lt;internal&gt;</file>
         <name>&lt;internal&gt;</name>
      </input_file>
      <input_file id="fl-1e">
         <path>D:\ti\mspm0_sdk_2_01_00_03\source\ti\driverlib\lib\ticlang\m0p\mspm0g1x0x_g3x0x\</path>
         <kind>archive</kind>
         <file>driverlib.a</file>
         <name>dl_adc12.o</name>
      </input_file>
      <input_file id="fl-1f">
         <path>D:\ti\mspm0_sdk_2_01_00_03\source\ti\driverlib\lib\ticlang\m0p\mspm0g1x0x_g3x0x\</path>
         <kind>archive</kind>
         <file>driverlib.a</file>
         <name>dl_common.o</name>
      </input_file>
      <input_file id="fl-20">
         <path>D:\ti\mspm0_sdk_2_01_00_03\source\ti\driverlib\lib\ticlang\m0p\mspm0g1x0x_g3x0x\</path>
         <kind>archive</kind>
         <file>driverlib.a</file>
         <name>dl_dma.o</name>
      </input_file>
      <input_file id="fl-21">
         <path>D:\ti\mspm0_sdk_2_01_00_03\source\ti\driverlib\lib\ticlang\m0p\mspm0g1x0x_g3x0x\</path>
         <kind>archive</kind>
         <file>driverlib.a</file>
         <name>dl_i2c.o</name>
      </input_file>
      <input_file id="fl-22">
         <path>D:\ti\mspm0_sdk_2_01_00_03\source\ti\driverlib\lib\ticlang\m0p\mspm0g1x0x_g3x0x\</path>
         <kind>archive</kind>
         <file>driverlib.a</file>
         <name>dl_timer.o</name>
      </input_file>
      <input_file id="fl-23">
         <path>D:\ti\mspm0_sdk_2_01_00_03\source\ti\driverlib\lib\ticlang\m0p\mspm0g1x0x_g3x0x\</path>
         <kind>archive</kind>
         <file>driverlib.a</file>
         <name>dl_uart.o</name>
      </input_file>
      <input_file id="fl-24">
         <path>D:\ti\mspm0_sdk_2_01_00_03\source\ti\driverlib\lib\ticlang\m0p\mspm0g1x0x_g3x0x\</path>
         <kind>archive</kind>
         <file>driverlib.a</file>
         <name>dl_sysctl_mspm0g1x0x_g3x0x.o</name>
      </input_file>
      <input_file id="fl-3b">
         <path>D:\ti\ccs2020\ccs\tools\compiler\ti-cgt-armllvm_4.0.3.LTS\lib\armv6m-ti-none-eabi\c\</path>
         <kind>archive</kind>
         <file>libc.a</file>
         <name>printf.c.obj</name>
      </input_file>
      <input_file id="fl-3c">
         <path>D:\ti\ccs2020\ccs\tools\compiler\ti-cgt-armllvm_4.0.3.LTS\lib\armv6m-ti-none-eabi\c\</path>
         <kind>archive</kind>
         <file>libc.a</file>
         <name>_printfi.c.obj</name>
      </input_file>
      <input_file id="fl-3d">
         <path>D:\ti\ccs2020\ccs\tools\compiler\ti-cgt-armllvm_4.0.3.LTS\lib\armv6m-ti-none-eabi\c\</path>
         <kind>archive</kind>
         <file>libc.a</file>
         <name>vsprintf.c.obj</name>
      </input_file>
      <input_file id="fl-3e">
         <path>D:\ti\ccs2020\ccs\tools\compiler\ti-cgt-armllvm_4.0.3.LTS\lib\armv6m-ti-none-eabi\c\</path>
         <kind>archive</kind>
         <file>libc.a</file>
         <name>e_asin.c.obj</name>
      </input_file>
      <input_file id="fl-3f">
         <path>D:\ti\ccs2020\ccs\tools\compiler\ti-cgt-armllvm_4.0.3.LTS\lib\armv6m-ti-none-eabi\c\</path>
         <kind>archive</kind>
         <file>libc.a</file>
         <name>e_atan2.c.obj</name>
      </input_file>
      <input_file id="fl-40">
         <path>D:\ti\ccs2020\ccs\tools\compiler\ti-cgt-armllvm_4.0.3.LTS\lib\armv6m-ti-none-eabi\c\</path>
         <kind>archive</kind>
         <file>libc.a</file>
         <name>e_pow.c.obj</name>
      </input_file>
      <input_file id="fl-41">
         <path>D:\ti\ccs2020\ccs\tools\compiler\ti-cgt-armllvm_4.0.3.LTS\lib\armv6m-ti-none-eabi\c\</path>
         <kind>archive</kind>
         <file>libc.a</file>
         <name>e_sqrt.c.obj</name>
      </input_file>
      <input_file id="fl-42">
         <path>D:\ti\ccs2020\ccs\tools\compiler\ti-cgt-armllvm_4.0.3.LTS\lib\armv6m-ti-none-eabi\c\</path>
         <kind>archive</kind>
         <file>libc.a</file>
         <name>s_atan.c.obj</name>
      </input_file>
      <input_file id="fl-43">
         <path>D:\ti\ccs2020\ccs\tools\compiler\ti-cgt-armllvm_4.0.3.LTS\lib\armv6m-ti-none-eabi\c\</path>
         <kind>archive</kind>
         <file>libc.a</file>
         <name>s_frexp.c.obj</name>
      </input_file>
      <input_file id="fl-44">
         <path>D:\ti\ccs2020\ccs\tools\compiler\ti-cgt-armllvm_4.0.3.LTS\lib\armv6m-ti-none-eabi\c\</path>
         <kind>archive</kind>
         <file>libc.a</file>
         <name>s_round.c.obj</name>
      </input_file>
      <input_file id="fl-45">
         <path>D:\ti\ccs2020\ccs\tools\compiler\ti-cgt-armllvm_4.0.3.LTS\lib\armv6m-ti-none-eabi\c\</path>
         <kind>archive</kind>
         <file>libc.a</file>
         <name>s_scalbn.c.obj</name>
      </input_file>
      <input_file id="fl-46">
         <path>D:\ti\ccs2020\ccs\tools\compiler\ti-cgt-armllvm_4.0.3.LTS\lib\armv6m-ti-none-eabi\c\</path>
         <kind>archive</kind>
         <file>libc.a</file>
         <name>wcslen.c.obj</name>
      </input_file>
      <input_file id="fl-47">
         <path>D:\ti\ccs2020\ccs\tools\compiler\ti-cgt-armllvm_4.0.3.LTS\lib\armv6m-ti-none-eabi\c\</path>
         <kind>archive</kind>
         <file>libc.a</file>
         <name>aeabi_portable.c.obj</name>
      </input_file>
      <input_file id="fl-48">
         <path>D:\ti\ccs2020\ccs\tools\compiler\ti-cgt-armllvm_4.0.3.LTS\lib\armv6m-ti-none-eabi\c\</path>
         <kind>archive</kind>
         <file>libc.a</file>
         <name>_lock.c.obj</name>
      </input_file>
      <input_file id="fl-49">
         <path>D:\ti\ccs2020\ccs\tools\compiler\ti-cgt-armllvm_4.0.3.LTS\lib\armv6m-ti-none-eabi\c\</path>
         <kind>archive</kind>
         <file>libc.a</file>
         <name>_ltoa.c.obj</name>
      </input_file>
      <input_file id="fl-4a">
         <path>D:\ti\ccs2020\ccs\tools\compiler\ti-cgt-armllvm_4.0.3.LTS\lib\armv6m-ti-none-eabi\c\</path>
         <kind>archive</kind>
         <file>libc.a</file>
         <name>assert.c.obj</name>
      </input_file>
      <input_file id="fl-4b">
         <path>D:\ti\ccs2020\ccs\tools\compiler\ti-cgt-armllvm_4.0.3.LTS\lib\armv6m-ti-none-eabi\c\</path>
         <kind>archive</kind>
         <file>libc.a</file>
         <name>atoi.c.obj</name>
      </input_file>
      <input_file id="fl-4c">
         <path>D:\ti\ccs2020\ccs\tools\compiler\ti-cgt-armllvm_4.0.3.LTS\lib\armv6m-ti-none-eabi\c\</path>
         <kind>archive</kind>
         <file>libc.a</file>
         <name>defs.c.obj</name>
      </input_file>
      <input_file id="fl-4d">
         <path>D:\ti\ccs2020\ccs\tools\compiler\ti-cgt-armllvm_4.0.3.LTS\lib\armv6m-ti-none-eabi\c\</path>
         <kind>archive</kind>
         <file>libc.a</file>
         <name>memccpy.c.obj</name>
      </input_file>
      <input_file id="fl-4e">
         <path>D:\ti\ccs2020\ccs\tools\compiler\ti-cgt-armllvm_4.0.3.LTS\lib\armv6m-ti-none-eabi\c\</path>
         <kind>archive</kind>
         <file>libc.a</file>
         <name>memcmp.c.obj</name>
      </input_file>
      <input_file id="fl-4f">
         <path>D:\ti\ccs2020\ccs\tools\compiler\ti-cgt-armllvm_4.0.3.LTS\lib\armv6m-ti-none-eabi\c\</path>
         <kind>archive</kind>
         <file>libc.a</file>
         <name>memory.c.obj</name>
      </input_file>
      <input_file id="fl-50">
         <path>D:\ti\ccs2020\ccs\tools\compiler\ti-cgt-armllvm_4.0.3.LTS\lib\armv6m-ti-none-eabi\c\</path>
         <kind>archive</kind>
         <file>libc.a</file>
         <name>strlen.c.obj</name>
      </input_file>
      <input_file id="fl-51">
         <path>D:\ti\ccs2020\ccs\tools\compiler\ti-cgt-armllvm_4.0.3.LTS\lib\armv6m-ti-none-eabi\c\</path>
         <kind>archive</kind>
         <file>libc.a</file>
         <name>boot_cortex_m.c.obj</name>
      </input_file>
      <input_file id="fl-52">
         <path>D:\ti\ccs2020\ccs\tools\compiler\ti-cgt-armllvm_4.0.3.LTS\lib\armv6m-ti-none-eabi\c\</path>
         <kind>archive</kind>
         <file>libc.a</file>
         <name>mathacl_init.c.obj</name>
      </input_file>
      <input_file id="fl-53">
         <path>D:\ti\ccs2020\ccs\tools\compiler\ti-cgt-armllvm_4.0.3.LTS\lib\armv6m-ti-none-eabi\c\</path>
         <kind>archive</kind>
         <file>libc.a</file>
         <name>autoinit.c.obj</name>
      </input_file>
      <input_file id="fl-54">
         <path>D:\ti\ccs2020\ccs\tools\compiler\ti-cgt-armllvm_4.0.3.LTS\lib\armv6m-ti-none-eabi\c\</path>
         <kind>archive</kind>
         <file>libc.a</file>
         <name>pre_init.c.obj</name>
      </input_file>
      <input_file id="fl-55">
         <path>D:\ti\ccs2020\ccs\tools\compiler\ti-cgt-armllvm_4.0.3.LTS\lib\armv6m-ti-none-eabi\c\</path>
         <kind>archive</kind>
         <file>libc.a</file>
         <name>cpy_tbl.c.obj</name>
      </input_file>
      <input_file id="fl-56">
         <path>D:\ti\ccs2020\ccs\tools\compiler\ti-cgt-armllvm_4.0.3.LTS\lib\armv6m-ti-none-eabi\c\</path>
         <kind>archive</kind>
         <file>libc.a</file>
         <name>copy_zero_init.c.obj</name>
      </input_file>
      <input_file id="fl-57">
         <path>D:\ti\ccs2020\ccs\tools\compiler\ti-cgt-armllvm_4.0.3.LTS\lib\armv6m-ti-none-eabi\c\</path>
         <kind>archive</kind>
         <file>libc.a</file>
         <name>copy_decompress_none.c.obj</name>
      </input_file>
      <input_file id="fl-58">
         <path>D:\ti\ccs2020\ccs\tools\compiler\ti-cgt-armllvm_4.0.3.LTS\lib\armv6m-ti-none-eabi\c\</path>
         <kind>archive</kind>
         <file>libc.a</file>
         <name>copy_decompress_lzss.c.obj</name>
      </input_file>
      <input_file id="fl-59">
         <path>D:\ti\ccs2020\ccs\tools\compiler\ti-cgt-armllvm_4.0.3.LTS\lib\armv6m-ti-none-eabi\c\</path>
         <kind>archive</kind>
         <file>libc.a</file>
         <name>sprintf.c.obj</name>
      </input_file>
      <input_file id="fl-5a">
         <path>D:\ti\ccs2020\ccs\tools\compiler\ti-cgt-armllvm_4.0.3.LTS\lib\armv6m-ti-none-eabi\c\</path>
         <kind>archive</kind>
         <file>libc.a</file>
         <name>fflush.c.obj</name>
      </input_file>
      <input_file id="fl-5b">
         <path>D:\ti\ccs2020\ccs\tools\compiler\ti-cgt-armllvm_4.0.3.LTS\lib\armv6m-ti-none-eabi\c\</path>
         <kind>archive</kind>
         <file>libc.a</file>
         <name>s_floor.c.obj</name>
      </input_file>
      <input_file id="fl-5c">
         <path>D:\ti\ccs2020\ccs\tools\compiler\ti-cgt-armllvm_4.0.3.LTS\lib\armv6m-ti-none-eabi\c\</path>
         <kind>archive</kind>
         <file>libc.a</file>
         <name>aeabi_ctype.S.obj</name>
      </input_file>
      <input_file id="fl-5d">
         <path>D:\ti\ccs2020\ccs\tools\compiler\ti-cgt-armllvm_4.0.3.LTS\lib\armv6m-ti-none-eabi\c\</path>
         <kind>archive</kind>
         <file>libc.a</file>
         <name>exit.c.obj</name>
      </input_file>
      <input_file id="fl-5e">
         <path>D:\ti\ccs2020\ccs\tools\compiler\ti-cgt-armllvm_4.0.3.LTS\lib\armv6m-ti-none-eabi\c\</path>
         <kind>archive</kind>
         <file>libc.a</file>
         <name>args_main.c.obj</name>
      </input_file>
      <input_file id="fl-fe">
         <path>D:\ti\ccs2020\ccs\tools\compiler\ti-cgt-armllvm_4.0.3.LTS\lib\armv6m-ti-none-eabi\c\</path>
         <kind>archive</kind>
         <file>libsysbm.a</file>
         <name>hostexit.c.obj</name>
      </input_file>
      <input_file id="fl-ff">
         <path>D:\ti\ccs2020\ccs\tools\compiler\ti-cgt-armllvm_4.0.3.LTS\lib\armv6m-ti-none-eabi\c\</path>
         <kind>archive</kind>
         <file>libsysbm.a</file>
         <name>write.c.obj</name>
      </input_file>
      <input_file id="fl-100">
         <path>D:\ti\ccs2020\ccs\tools\compiler\ti-cgt-armllvm_4.0.3.LTS\lib\armv6m-ti-none-eabi\c\</path>
         <kind>archive</kind>
         <file>libsysbm.a</file>
         <name>host_device.c.obj</name>
      </input_file>
      <input_file id="fl-101">
         <path>D:\ti\ccs2020\ccs\tools\compiler\ti-cgt-armllvm_4.0.3.LTS\lib\armv6m-ti-none-eabi\c\</path>
         <kind>archive</kind>
         <file>libsysbm.a</file>
         <name>hostclose.c.obj</name>
      </input_file>
      <input_file id="fl-102">
         <path>D:\ti\ccs2020\ccs\tools\compiler\ti-cgt-armllvm_4.0.3.LTS\lib\armv6m-ti-none-eabi\c\</path>
         <kind>archive</kind>
         <file>libsysbm.a</file>
         <name>hostlseek.c.obj</name>
      </input_file>
      <input_file id="fl-103">
         <path>D:\ti\ccs2020\ccs\tools\compiler\ti-cgt-armllvm_4.0.3.LTS\lib\armv6m-ti-none-eabi\c\</path>
         <kind>archive</kind>
         <file>libsysbm.a</file>
         <name>hostopen.c.obj</name>
      </input_file>
      <input_file id="fl-104">
         <path>D:\ti\ccs2020\ccs\tools\compiler\ti-cgt-armllvm_4.0.3.LTS\lib\armv6m-ti-none-eabi\c\</path>
         <kind>archive</kind>
         <file>libsysbm.a</file>
         <name>hostread.c.obj</name>
      </input_file>
      <input_file id="fl-105">
         <path>D:\ti\ccs2020\ccs\tools\compiler\ti-cgt-armllvm_4.0.3.LTS\lib\armv6m-ti-none-eabi\c\</path>
         <kind>archive</kind>
         <file>libsysbm.a</file>
         <name>hostrename.c.obj</name>
      </input_file>
      <input_file id="fl-106">
         <path>D:\ti\ccs2020\ccs\tools\compiler\ti-cgt-armllvm_4.0.3.LTS\lib\armv6m-ti-none-eabi\c\</path>
         <kind>archive</kind>
         <file>libsysbm.a</file>
         <name>hostunlink.c.obj</name>
      </input_file>
      <input_file id="fl-107">
         <path>D:\ti\ccs2020\ccs\tools\compiler\ti-cgt-armllvm_4.0.3.LTS\lib\armv6m-ti-none-eabi\c\</path>
         <kind>archive</kind>
         <file>libsysbm.a</file>
         <name>hostwrite.c.obj</name>
      </input_file>
      <input_file id="fl-108">
         <path>D:\ti\ccs2020\ccs\tools\compiler\ti-cgt-armllvm_4.0.3.LTS\lib\armv6m-ti-none-eabi\c\</path>
         <kind>archive</kind>
         <file>libsysbm.a</file>
         <name>trgmsg.c.obj</name>
      </input_file>
      <input_file id="fl-109">
         <path>D:\ti\ccs2020\ccs\tools\compiler\ti-cgt-armllvm_4.0.3.LTS\lib\armv6m-ti-none-eabi\</path>
         <kind>archive</kind>
         <file>libclang_rt.builtins.a</file>
         <name>addsf3.S.obj</name>
      </input_file>
      <input_file id="fl-10a">
         <path>D:\ti\ccs2020\ccs\tools\compiler\ti-cgt-armllvm_4.0.3.LTS\lib\armv6m-ti-none-eabi\</path>
         <kind>archive</kind>
         <file>libclang_rt.builtins.a</file>
         <name>adddf3.S.obj</name>
      </input_file>
      <input_file id="fl-10b">
         <path>D:\ti\ccs2020\ccs\tools\compiler\ti-cgt-armllvm_4.0.3.LTS\lib\armv6m-ti-none-eabi\</path>
         <kind>archive</kind>
         <file>libclang_rt.builtins.a</file>
         <name>muldf3.S.obj</name>
      </input_file>
      <input_file id="fl-10c">
         <path>D:\ti\ccs2020\ccs\tools\compiler\ti-cgt-armllvm_4.0.3.LTS\lib\armv6m-ti-none-eabi\</path>
         <kind>archive</kind>
         <file>libclang_rt.builtins.a</file>
         <name>muldsi3.S.obj</name>
      </input_file>
      <input_file id="fl-10d">
         <path>D:\ti\ccs2020\ccs\tools\compiler\ti-cgt-armllvm_4.0.3.LTS\lib\armv6m-ti-none-eabi\</path>
         <kind>archive</kind>
         <file>libclang_rt.builtins.a</file>
         <name>mulsf3.S.obj</name>
      </input_file>
      <input_file id="fl-10e">
         <path>D:\ti\ccs2020\ccs\tools\compiler\ti-cgt-armllvm_4.0.3.LTS\lib\armv6m-ti-none-eabi\</path>
         <kind>archive</kind>
         <file>libclang_rt.builtins.a</file>
         <name>divsf3.S.obj</name>
      </input_file>
      <input_file id="fl-10f">
         <path>D:\ti\ccs2020\ccs\tools\compiler\ti-cgt-armllvm_4.0.3.LTS\lib\armv6m-ti-none-eabi\</path>
         <kind>archive</kind>
         <file>libclang_rt.builtins.a</file>
         <name>divdf3.S.obj</name>
      </input_file>
      <input_file id="fl-110">
         <path>D:\ti\ccs2020\ccs\tools\compiler\ti-cgt-armllvm_4.0.3.LTS\lib\armv6m-ti-none-eabi\</path>
         <kind>archive</kind>
         <file>libclang_rt.builtins.a</file>
         <name>extendsfdf2.S.obj</name>
      </input_file>
      <input_file id="fl-111">
         <path>D:\ti\ccs2020\ccs\tools\compiler\ti-cgt-armllvm_4.0.3.LTS\lib\armv6m-ti-none-eabi\</path>
         <kind>archive</kind>
         <file>libclang_rt.builtins.a</file>
         <name>fixdfsi.S.obj</name>
      </input_file>
      <input_file id="fl-112">
         <path>D:\ti\ccs2020\ccs\tools\compiler\ti-cgt-armllvm_4.0.3.LTS\lib\armv6m-ti-none-eabi\</path>
         <kind>archive</kind>
         <file>libclang_rt.builtins.a</file>
         <name>fixsfsi.S.obj</name>
      </input_file>
      <input_file id="fl-113">
         <path>D:\ti\ccs2020\ccs\tools\compiler\ti-cgt-armllvm_4.0.3.LTS\lib\armv6m-ti-none-eabi\</path>
         <kind>archive</kind>
         <file>libclang_rt.builtins.a</file>
         <name>floatsidf.S.obj</name>
      </input_file>
      <input_file id="fl-114">
         <path>D:\ti\ccs2020\ccs\tools\compiler\ti-cgt-armllvm_4.0.3.LTS\lib\armv6m-ti-none-eabi\</path>
         <kind>archive</kind>
         <file>libclang_rt.builtins.a</file>
         <name>floatsisf.S.obj</name>
      </input_file>
      <input_file id="fl-115">
         <path>D:\ti\ccs2020\ccs\tools\compiler\ti-cgt-armllvm_4.0.3.LTS\lib\armv6m-ti-none-eabi\</path>
         <kind>archive</kind>
         <file>libclang_rt.builtins.a</file>
         <name>floatunsisf.S.obj</name>
      </input_file>
      <input_file id="fl-116">
         <path>D:\ti\ccs2020\ccs\tools\compiler\ti-cgt-armllvm_4.0.3.LTS\lib\armv6m-ti-none-eabi\</path>
         <kind>archive</kind>
         <file>libclang_rt.builtins.a</file>
         <name>muldi3.S.obj</name>
      </input_file>
      <input_file id="fl-117">
         <path>D:\ti\ccs2020\ccs\tools\compiler\ti-cgt-armllvm_4.0.3.LTS\lib\armv6m-ti-none-eabi\</path>
         <kind>archive</kind>
         <file>libclang_rt.builtins.a</file>
         <name>truncdfsf2.S.obj</name>
      </input_file>
      <input_file id="fl-118">
         <path>D:\ti\ccs2020\ccs\tools\compiler\ti-cgt-armllvm_4.0.3.LTS\lib\armv6m-ti-none-eabi\</path>
         <kind>archive</kind>
         <file>libclang_rt.builtins.a</file>
         <name>aeabi_dcmp.S.obj</name>
      </input_file>
      <input_file id="fl-119">
         <path>D:\ti\ccs2020\ccs\tools\compiler\ti-cgt-armllvm_4.0.3.LTS\lib\armv6m-ti-none-eabi\</path>
         <kind>archive</kind>
         <file>libclang_rt.builtins.a</file>
         <name>aeabi_fcmp.S.obj</name>
      </input_file>
      <input_file id="fl-11a">
         <path>D:\ti\ccs2020\ccs\tools\compiler\ti-cgt-armllvm_4.0.3.LTS\lib\armv6m-ti-none-eabi\</path>
         <kind>archive</kind>
         <file>libclang_rt.builtins.a</file>
         <name>aeabi_idivmod.S.obj</name>
      </input_file>
      <input_file id="fl-11b">
         <path>D:\ti\ccs2020\ccs\tools\compiler\ti-cgt-armllvm_4.0.3.LTS\lib\armv6m-ti-none-eabi\</path>
         <kind>archive</kind>
         <file>libclang_rt.builtins.a</file>
         <name>aeabi_ldivmod.S.obj</name>
      </input_file>
      <input_file id="fl-11c">
         <path>D:\ti\ccs2020\ccs\tools\compiler\ti-cgt-armllvm_4.0.3.LTS\lib\armv6m-ti-none-eabi\</path>
         <kind>archive</kind>
         <file>libclang_rt.builtins.a</file>
         <name>aeabi_memcpy.S.obj</name>
      </input_file>
      <input_file id="fl-11d">
         <path>D:\ti\ccs2020\ccs\tools\compiler\ti-cgt-armllvm_4.0.3.LTS\lib\armv6m-ti-none-eabi\</path>
         <kind>archive</kind>
         <file>libclang_rt.builtins.a</file>
         <name>aeabi_memset.S.obj</name>
      </input_file>
      <input_file id="fl-11e">
         <path>D:\ti\ccs2020\ccs\tools\compiler\ti-cgt-armllvm_4.0.3.LTS\lib\armv6m-ti-none-eabi\</path>
         <kind>archive</kind>
         <file>libclang_rt.builtins.a</file>
         <name>aeabi_uidivmod.S.obj</name>
      </input_file>
      <input_file id="fl-11f">
         <path>D:\ti\ccs2020\ccs\tools\compiler\ti-cgt-armllvm_4.0.3.LTS\lib\armv6m-ti-none-eabi\</path>
         <kind>archive</kind>
         <file>libclang_rt.builtins.a</file>
         <name>aeabi_uldivmod.S.obj</name>
      </input_file>
      <input_file id="fl-120">
         <path>D:\ti\ccs2020\ccs\tools\compiler\ti-cgt-armllvm_4.0.3.LTS\lib\armv6m-ti-none-eabi\</path>
         <kind>archive</kind>
         <file>libclang_rt.builtins.a</file>
         <name>comparesf2.S.obj</name>
      </input_file>
      <input_file id="fl-121">
         <path>D:\ti\ccs2020\ccs\tools\compiler\ti-cgt-armllvm_4.0.3.LTS\lib\armv6m-ti-none-eabi\</path>
         <kind>archive</kind>
         <file>libclang_rt.builtins.a</file>
         <name>udivmoddi4.S.obj</name>
      </input_file>
      <input_file id="fl-122">
         <path>D:\ti\ccs2020\ccs\tools\compiler\ti-cgt-armllvm_4.0.3.LTS\lib\armv6m-ti-none-eabi\</path>
         <kind>archive</kind>
         <file>libclang_rt.builtins.a</file>
         <name>ashldi3.S.obj</name>
      </input_file>
      <input_file id="fl-123">
         <path>D:\ti\ccs2020\ccs\tools\compiler\ti-cgt-armllvm_4.0.3.LTS\lib\armv6m-ti-none-eabi\</path>
         <kind>archive</kind>
         <file>libclang_rt.builtins.a</file>
         <name>comparedf2.c.obj</name>
      </input_file>
      <input_file id="fl-124">
         <path>D:\ti\ccs2020\ccs\tools\compiler\ti-cgt-armllvm_4.0.3.LTS\lib\armv6m-ti-none-eabi\</path>
         <kind>archive</kind>
         <file>libclang_rt.builtins.a</file>
         <name>divmoddi4.c.obj</name>
      </input_file>
      <input_file id="fl-125">
         <path>D:\ti\ccs2020\ccs\tools\compiler\ti-cgt-armllvm_4.0.3.LTS\lib\armv6m-ti-none-eabi\</path>
         <kind>archive</kind>
         <file>libclang_rt.builtins.a</file>
         <name>aeabi_div0.c.obj</name>
      </input_file>
      <input_file id="fl-126">
         <path>D:\ti\ccs2020\ccs\tools\compiler\ti-cgt-armllvm_4.0.3.LTS\lib\armv6m-ti-none-eabi\c\</path>
         <kind>archive</kind>
         <file>libc.a</file>
         <name>memcpy16.S.obj</name>
      </input_file>
      <input_file id="fl-127">
         <path>D:\ti\ccs2020\ccs\tools\compiler\ti-cgt-armllvm_4.0.3.LTS\lib\armv6m-ti-none-eabi\c\</path>
         <kind>archive</kind>
         <file>libc.a</file>
         <name>memset16.S.obj</name>
      </input_file>
   </input_file_list>
   <object_component_list>
      <object_component id="oc-18">
         <name>.intvecs</name>
         <load_address>0x0</load_address>
         <readonly>true</readonly>
         <run_address>0x0</run_address>
         <size>0xc0</size>
         <alignment>0x4</alignment>
         <input_file_ref idref="fl-3"/>
      </object_component>
      <object_component id="oc-2fe">
         <name>.text.pow</name>
         <load_address>0xc0</load_address>
         <readonly>true</readonly>
         <executable>true</executable>
         <run_address>0xc0</run_address>
         <size>0xa48</size>
         <alignment>0x4</alignment>
         <input_file_ref idref="fl-40"/>
      </object_component>
      <object_component id="oc-35e">
         <name>.text:__TI_printfi</name>
         <load_address>0xb08</load_address>
         <readonly>true</readonly>
         <executable>true</executable>
         <run_address>0xb08</run_address>
         <size>0x9d0</size>
         <alignment>0x4</alignment>
         <input_file_ref idref="fl-3c"/>
      </object_component>
      <object_component id="oc-36e">
         <name>.text.get_st_biases</name>
         <load_address>0x14d8</load_address>
         <readonly>true</readonly>
         <executable>true</executable>
         <run_address>0x14d8</run_address>
         <size>0x4a4</size>
         <alignment>0x4</alignment>
         <input_file_ref idref="fl-b"/>
      </object_component>
      <object_component id="oc-b1">
         <name>.text.asin</name>
         <load_address>0x197c</load_address>
         <readonly>true</readonly>
         <executable>true</executable>
         <run_address>0x197c</run_address>
         <size>0x364</size>
         <alignment>0x4</alignment>
         <input_file_ref idref="fl-3e"/>
      </object_component>
      <object_component id="oc-158">
         <name>.text.atan</name>
         <load_address>0x1ce0</load_address>
         <readonly>true</readonly>
         <executable>true</executable>
         <run_address>0x1ce0</run_address>
         <size>0x2f8</size>
         <alignment>0x4</alignment>
         <input_file_ref idref="fl-42"/>
      </object_component>
      <object_component id="oc-1f2">
         <name>.text.bt_control</name>
         <load_address>0x1fd8</load_address>
         <readonly>true</readonly>
         <executable>true</executable>
         <run_address>0x1fd8</run_address>
         <size>0x2ec</size>
         <alignment>0x4</alignment>
         <input_file_ref idref="fl-f"/>
      </object_component>
      <object_component id="oc-103">
         <name>.text.oled_show</name>
         <load_address>0x22c4</load_address>
         <readonly>true</readonly>
         <executable>true</executable>
         <run_address>0x22c4</run_address>
         <size>0x2a0</size>
         <alignment>0x4</alignment>
         <input_file_ref idref="fl-10"/>
      </object_component>
      <object_component id="oc-1e0">
         <name>.text.dmp_enable_feature</name>
         <load_address>0x2564</load_address>
         <readonly>true</readonly>
         <executable>true</executable>
         <run_address>0x2564</run_address>
         <size>0x278</size>
         <alignment>0x4</alignment>
         <input_file_ref idref="fl-c"/>
      </object_component>
      <object_component id="oc-64">
         <name>.text.Read_DMP</name>
         <load_address>0x27dc</load_address>
         <readonly>true</readonly>
         <executable>true</executable>
         <run_address>0x27dc</run_address>
         <size>0x238</size>
         <alignment>0x4</alignment>
         <input_file_ref idref="fl-d"/>
      </object_component>
      <object_component id="oc-2e9">
         <name>.text.dmp_set_tap_thresh</name>
         <load_address>0x2a14</load_address>
         <readonly>true</readonly>
         <executable>true</executable>
         <run_address>0x2a14</run_address>
         <size>0x238</size>
         <alignment>0x4</alignment>
         <input_file_ref idref="fl-c"/>
      </object_component>
      <object_component id="oc-3be">
         <name>.text._pconv_a</name>
         <load_address>0x2c4c</load_address>
         <readonly>true</readonly>
         <executable>true</executable>
         <run_address>0x2c4c</run_address>
         <size>0x220</size>
         <alignment>0x4</alignment>
         <input_file_ref idref="fl-3c"/>
      </object_component>
      <object_component id="oc-130">
         <name>.text.mpu_reset_fifo</name>
         <load_address>0x2e6c</load_address>
         <readonly>true</readonly>
         <executable>true</executable>
         <run_address>0x2e6c</run_address>
         <size>0x220</size>
         <alignment>0x4</alignment>
         <input_file_ref idref="fl-b"/>
      </object_component>
      <object_component id="oc-34">
         <name>.text.GROUP1_IRQHandler</name>
         <load_address>0x308c</load_address>
         <readonly>true</readonly>
         <executable>true</executable>
         <run_address>0x308c</run_address>
         <size>0x214</size>
         <alignment>0x4</alignment>
         <input_file_ref idref="fl-1"/>
      </object_component>
      <object_component id="oc-1d9">
         <name>.text.mpu_init</name>
         <load_address>0x32a0</load_address>
         <readonly>true</readonly>
         <executable>true</executable>
         <run_address>0x32a0</run_address>
         <size>0x214</size>
         <alignment>0x4</alignment>
         <input_file_ref idref="fl-b"/>
      </object_component>
      <object_component id="oc-214">
         <name>.text.oled_showfloat</name>
         <load_address>0x34b4</load_address>
         <readonly>true</readonly>
         <executable>true</executable>
         <run_address>0x34b4</run_address>
         <size>0x210</size>
         <alignment>0x4</alignment>
         <input_file_ref idref="fl-8"/>
      </object_component>
      <object_component id="oc-9c">
         <name>.text.dmp_read_fifo</name>
         <load_address>0x36c4</load_address>
         <readonly>true</readonly>
         <executable>true</executable>
         <run_address>0x36c4</run_address>
         <size>0x1f4</size>
         <alignment>0x4</alignment>
         <input_file_ref idref="fl-c"/>
      </object_component>
      <object_component id="oc-3bf">
         <name>.text._pconv_g</name>
         <load_address>0x38b8</load_address>
         <readonly>true</readonly>
         <executable>true</executable>
         <run_address>0x38b8</run_address>
         <size>0x1dc</size>
         <alignment>0x4</alignment>
         <input_file_ref idref="fl-3c"/>
      </object_component>
      <object_component id="oc-d2">
         <name>.text.Velocity</name>
         <load_address>0x3a94</load_address>
         <readonly>true</readonly>
         <executable>true</executable>
         <run_address>0x3a94</run_address>
         <size>0x1c0</size>
         <alignment>0x4</alignment>
         <input_file_ref idref="fl-e"/>
      </object_component>
      <object_component id="oc-6d">
         <name>.text.BalanceControlTask</name>
         <load_address>0x3c54</load_address>
         <readonly>true</readonly>
         <executable>true</executable>
         <run_address>0x3c54</run_address>
         <size>0x1a4</size>
         <alignment>0x4</alignment>
         <input_file_ref idref="fl-e"/>
      </object_component>
      <object_component id="oc-2dd">
         <name>.text.mpu_set_bypass</name>
         <load_address>0x3df8</load_address>
         <readonly>true</readonly>
         <executable>true</executable>
         <run_address>0x3df8</run_address>
         <size>0x1a0</size>
         <alignment>0x4</alignment>
         <input_file_ref idref="fl-b"/>
      </object_component>
      <object_component id="oc-1b3">
         <name>.text.SYSCFG_DL_GPIO_init</name>
         <load_address>0x3f98</load_address>
         <readonly>true</readonly>
         <executable>true</executable>
         <run_address>0x3f98</run_address>
         <size>0x19c</size>
         <alignment>0x4</alignment>
         <input_file_ref idref="fl-2"/>
      </object_component>
      <object_component id="oc-143">
         <name>.text.adddf3_subdf3</name>
         <load_address>0x4134</load_address>
         <readonly>true</readonly>
         <executable>true</executable>
         <run_address>0x4134</run_address>
         <size>0x192</size>
         <alignment>0x4</alignment>
         <input_file_ref idref="fl-10a"/>
      </object_component>
      <object_component id="oc-332">
         <name>.text.__aeabi_idiv0</name>
         <load_address>0x42c6</load_address>
         <readonly>true</readonly>
         <executable>true</executable>
         <run_address>0x42c6</run_address>
         <size>0x2</size>
         <alignment>0x2</alignment>
         <input_file_ref idref="fl-125"/>
      </object_component>
      <object_component id="oc-bf">
         <name>.text.atan2</name>
         <load_address>0x42c8</load_address>
         <readonly>true</readonly>
         <executable>true</executable>
         <run_address>0x42c8</run_address>
         <size>0x188</size>
         <alignment>0x4</alignment>
         <input_file_ref idref="fl-3f"/>
      </object_component>
      <object_component id="oc-19d">
         <name>.text.key_scan</name>
         <load_address>0x4450</load_address>
         <readonly>true</readonly>
         <executable>true</executable>
         <run_address>0x4450</run_address>
         <size>0x184</size>
         <alignment>0x4</alignment>
         <input_file_ref idref="fl-7"/>
      </object_component>
      <object_component id="oc-1df">
         <name>.text.dmp_set_orientation</name>
         <load_address>0x45d4</load_address>
         <readonly>true</readonly>
         <executable>true</executable>
         <run_address>0x45d4</run_address>
         <size>0x178</size>
         <alignment>0x4</alignment>
         <input_file_ref idref="fl-c"/>
      </object_component>
      <object_component id="oc-2f3">
         <name>.text.mpu_run_self_test</name>
         <load_address>0x474c</load_address>
         <readonly>true</readonly>
         <executable>true</executable>
         <run_address>0x474c</run_address>
         <size>0x174</size>
         <alignment>0x4</alignment>
         <input_file_ref idref="fl-b"/>
      </object_component>
      <object_component id="oc-102">
         <name>.text.BTBufferHandler</name>
         <load_address>0x48c0</load_address>
         <readonly>true</readonly>
         <executable>true</executable>
         <run_address>0x48c0</run_address>
         <size>0x170</size>
         <alignment>0x4</alignment>
         <input_file_ref idref="fl-f"/>
      </object_component>
      <object_component id="oc-149">
         <name>.text.sqrt</name>
         <load_address>0x4a30</load_address>
         <readonly>true</readonly>
         <executable>true</executable>
         <run_address>0x4a30</run_address>
         <size>0x170</size>
         <alignment>0x4</alignment>
         <input_file_ref idref="fl-41"/>
      </object_component>
      <object_component id="oc-101">
         <name>.text.DMP_Init</name>
         <load_address>0x4ba0</load_address>
         <readonly>true</readonly>
         <executable>true</executable>
         <run_address>0x4ba0</run_address>
         <size>0x164</size>
         <alignment>0x4</alignment>
         <input_file_ref idref="fl-d"/>
      </object_component>
      <object_component id="oc-33d">
         <name>.text.floor</name>
         <load_address>0x4d04</load_address>
         <readonly>true</readonly>
         <executable>true</executable>
         <run_address>0x4d04</run_address>
         <size>0x144</size>
         <alignment>0x4</alignment>
         <input_file_ref idref="fl-5b"/>
      </object_component>
      <object_component id="oc-3ef">
         <name>.text.fcvt</name>
         <load_address>0x4e48</load_address>
         <readonly>true</readonly>
         <executable>true</executable>
         <run_address>0x4e48</run_address>
         <size>0x13c</size>
         <alignment>0x4</alignment>
         <input_file_ref idref="fl-3c"/>
      </object_component>
      <object_component id="oc-2f5">
         <name>.text.dmp_set_gyro_bias</name>
         <load_address>0x4f84</load_address>
         <readonly>true</readonly>
         <executable>true</executable>
         <run_address>0x4f84</run_address>
         <size>0x138</size>
         <alignment>0x4</alignment>
         <input_file_ref idref="fl-c"/>
      </object_component>
      <object_component id="oc-370">
         <name>.text.gyro_self_test</name>
         <load_address>0x50bc</load_address>
         <readonly>true</readonly>
         <executable>true</executable>
         <run_address>0x50bc</run_address>
         <size>0x130</size>
         <alignment>0x4</alignment>
         <input_file_ref idref="fl-b"/>
      </object_component>
      <object_component id="oc-1da">
         <name>.text.mpu_set_sensors</name>
         <load_address>0x51ec</load_address>
         <readonly>true</readonly>
         <executable>true</executable>
         <run_address>0x51ec</run_address>
         <size>0x130</size>
         <alignment>0x4</alignment>
         <input_file_ref idref="fl-b"/>
      </object_component>
      <object_component id="oc-2e4">
         <name>.text.mpu_load_firmware</name>
         <load_address>0x531c</load_address>
         <readonly>true</readonly>
         <executable>true</executable>
         <run_address>0x531c</run_address>
         <size>0x124</size>
         <alignment>0x4</alignment>
         <input_file_ref idref="fl-b"/>
      </object_component>
      <object_component id="oc-3c1">
         <name>.text._pconv_e</name>
         <load_address>0x5440</load_address>
         <readonly>true</readonly>
         <executable>true</executable>
         <run_address>0x5440</run_address>
         <size>0x120</size>
         <alignment>0x4</alignment>
         <input_file_ref idref="fl-3c"/>
      </object_component>
      <object_component id="oc-325">
         <name>.text.mspm0_i2c_read</name>
         <load_address>0x5560</load_address>
         <readonly>true</readonly>
         <executable>true</executable>
         <run_address>0x5560</run_address>
         <size>0x118</size>
         <alignment>0x4</alignment>
         <input_file_ref idref="fl-6"/>
      </object_component>
      <object_component id="oc-211">
         <name>.text.OLED_ShowChar</name>
         <load_address>0x5678</load_address>
         <readonly>true</readonly>
         <executable>true</executable>
         <run_address>0x5678</run_address>
         <size>0x114</size>
         <alignment>0x4</alignment>
         <input_file_ref idref="fl-8"/>
      </object_component>
      <object_component id="oc-2e3">
         <name>.text.mpu_lp_accel_mode</name>
         <load_address>0x578c</load_address>
         <readonly>true</readonly>
         <executable>true</executable>
         <run_address>0x578c</run_address>
         <size>0x110</size>
         <alignment>0x4</alignment>
         <input_file_ref idref="fl-b"/>
      </object_component>
      <object_component id="oc-150">
         <name>.text.__divdf3</name>
         <load_address>0x589c</load_address>
         <readonly>true</readonly>
         <executable>true</executable>
         <run_address>0x589c</run_address>
         <size>0x10c</size>
         <alignment>0x4</alignment>
         <input_file_ref idref="fl-10f"/>
      </object_component>
      <object_component id="oc-2f7">
         <name>.text.dmp_set_accel_bias</name>
         <load_address>0x59a8</load_address>
         <readonly>true</readonly>
         <executable>true</executable>
         <run_address>0x59a8</run_address>
         <size>0x108</size>
         <alignment>0x4</alignment>
         <input_file_ref idref="fl-c"/>
      </object_component>
      <object_component id="oc-12b">
         <name>.text.mpu_read_fifo_stream</name>
         <load_address>0x5ab0</load_address>
         <readonly>true</readonly>
         <executable>true</executable>
         <run_address>0x5ab0</run_address>
         <size>0x108</size>
         <alignment>0x4</alignment>
         <input_file_ref idref="fl-b"/>
      </object_component>
      <object_component id="oc-20d">
         <name>.text.OLED_Init</name>
         <load_address>0x5bb8</load_address>
         <readonly>true</readonly>
         <executable>true</executable>
         <run_address>0x5bb8</run_address>
         <size>0xf8</size>
         <alignment>0x4</alignment>
         <input_file_ref idref="fl-8"/>
      </object_component>
      <object_component id="oc-d3">
         <name>.text.Turn</name>
         <load_address>0x5cb0</load_address>
         <readonly>true</readonly>
         <executable>true</executable>
         <run_address>0x5cb0</run_address>
         <size>0xf4</size>
         <alignment>0x4</alignment>
         <input_file_ref idref="fl-e"/>
      </object_component>
      <object_component id="oc-3cd">
         <name>.text.get_accel_prod_shift</name>
         <load_address>0x5da4</load_address>
         <readonly>true</readonly>
         <executable>true</executable>
         <run_address>0x5da4</run_address>
         <size>0xec</size>
         <alignment>0x4</alignment>
         <input_file_ref idref="fl-b"/>
      </object_component>
      <object_component id="oc-1dc">
         <name>.text.mpu_set_sample_rate</name>
         <load_address>0x5e90</load_address>
         <readonly>true</readonly>
         <executable>true</executable>
         <run_address>0x5e90</run_address>
         <size>0xec</size>
         <alignment>0x4</alignment>
         <input_file_ref idref="fl-b"/>
      </object_component>
      <object_component id="oc-297">
         <name>.text.DL_Timer_initTimerMode</name>
         <load_address>0x5f7c</load_address>
         <readonly>true</readonly>
         <executable>true</executable>
         <run_address>0x5f7c</run_address>
         <size>0xe8</size>
         <alignment>0x4</alignment>
         <input_file_ref idref="fl-22"/>
      </object_component>
      <object_component id="oc-b7">
         <name>.text.__muldf3</name>
         <load_address>0x6064</load_address>
         <readonly>true</readonly>
         <executable>true</executable>
         <run_address>0x6064</run_address>
         <size>0xe4</size>
         <alignment>0x4</alignment>
         <input_file_ref idref="fl-10b"/>
      </object_component>
      <object_component id="oc-2db">
         <name>.text.mpu_set_accel_fsr</name>
         <load_address>0x6148</load_address>
         <readonly>true</readonly>
         <executable>true</executable>
         <run_address>0x6148</run_address>
         <size>0xe4</size>
         <alignment>0x4</alignment>
         <input_file_ref idref="fl-b"/>
      </object_component>
      <object_component id="oc-282">
         <name>.text.DL_SYSCTL_configSYSPLL</name>
         <load_address>0x622c</load_address>
         <readonly>true</readonly>
         <executable>true</executable>
         <run_address>0x622c</run_address>
         <size>0xdc</size>
         <alignment>0x4</alignment>
         <input_file_ref idref="fl-24"/>
      </object_component>
      <object_component id="oc-212">
         <name>.text.OLED_ShowNumber</name>
         <load_address>0x6308</load_address>
         <readonly>true</readonly>
         <executable>true</executable>
         <run_address>0x6308</run_address>
         <size>0xdc</size>
         <alignment>0x2</alignment>
         <input_file_ref idref="fl-8"/>
      </object_component>
      <object_component id="oc-36f">
         <name>.text.accel_self_test</name>
         <load_address>0x63e4</load_address>
         <readonly>true</readonly>
         <executable>true</executable>
         <run_address>0x63e4</run_address>
         <size>0xdc</size>
         <alignment>0x4</alignment>
         <input_file_ref idref="fl-b"/>
      </object_component>
      <object_component id="oc-388">
         <name>.text.scalbn</name>
         <load_address>0x64c0</load_address>
         <readonly>true</readonly>
         <executable>true</executable>
         <run_address>0x64c0</run_address>
         <size>0xd8</size>
         <alignment>0x4</alignment>
         <input_file_ref idref="fl-45"/>
      </object_component>
      <object_component id="oc-a9">
         <name>.text</name>
         <load_address>0x6598</load_address>
         <readonly>true</readonly>
         <executable>true</executable>
         <run_address>0x6598</run_address>
         <size>0xd8</size>
         <alignment>0x4</alignment>
         <input_file_ref idref="fl-109"/>
      </object_component>
      <object_component id="oc-2e2">
         <name>.text.set_int_enable</name>
         <load_address>0x6670</load_address>
         <readonly>true</readonly>
         <executable>true</executable>
         <run_address>0x6670</run_address>
         <size>0xd4</size>
         <alignment>0x4</alignment>
         <input_file_ref idref="fl-b"/>
      </object_component>
      <object_component id="oc-2dc">
         <name>.text.mpu_set_lpf</name>
         <load_address>0x6744</load_address>
         <readonly>true</readonly>
         <executable>true</executable>
         <run_address>0x6744</run_address>
         <size>0xd0</size>
         <alignment>0x4</alignment>
         <input_file_ref idref="fl-b"/>
      </object_component>
      <object_component id="oc-d0">
         <name>.text.Get_Velocity_Form_Encoder</name>
         <load_address>0x6814</load_address>
         <readonly>true</readonly>
         <executable>true</executable>
         <run_address>0x6814</run_address>
         <size>0xc8</size>
         <alignment>0x4</alignment>
         <input_file_ref idref="fl-e"/>
      </object_component>
      <object_component id="oc-34b">
         <name>.text.DL_Timer_initPWMMode</name>
         <load_address>0x68dc</load_address>
         <readonly>true</readonly>
         <executable>true</executable>
         <run_address>0x68dc</run_address>
         <size>0xc4</size>
         <alignment>0x4</alignment>
         <input_file_ref idref="fl-22"/>
      </object_component>
      <object_component id="oc-91">
         <name>.text.main</name>
         <load_address>0x69a0</load_address>
         <readonly>true</readonly>
         <executable>true</executable>
         <run_address>0x69a0</run_address>
         <size>0xc4</size>
         <alignment>0x4</alignment>
         <input_file_ref idref="fl-1"/>
      </object_component>
      <object_component id="oc-2da">
         <name>.text.mpu_set_gyro_fsr</name>
         <load_address>0x6a64</load_address>
         <readonly>true</readonly>
         <executable>true</executable>
         <run_address>0x6a64</run_address>
         <size>0xc4</size>
         <alignment>0x4</alignment>
         <input_file_ref idref="fl-b"/>
      </object_component>
      <object_component id="oc-324">
         <name>.text.mspm0_i2c_write</name>
         <load_address>0x6b28</load_address>
         <readonly>true</readonly>
         <executable>true</executable>
         <run_address>0x6b28</run_address>
         <size>0xc4</size>
         <alignment>0x4</alignment>
         <input_file_ref idref="fl-6"/>
      </object_component>
      <object_component id="oc-1db">
         <name>.text.mpu_configure_fifo</name>
         <load_address>0x6bec</load_address>
         <readonly>true</readonly>
         <executable>true</executable>
         <run_address>0x6bec</run_address>
         <size>0xbc</size>
         <alignment>0x4</alignment>
         <input_file_ref idref="fl-b"/>
      </object_component>
      <object_component id="oc-2cf">
         <name>.text.IICwriteBits</name>
         <load_address>0x6ca8</load_address>
         <readonly>true</readonly>
         <executable>true</executable>
         <run_address>0x6ca8</run_address>
         <size>0xb8</size>
         <alignment>0x4</alignment>
         <input_file_ref idref="fl-d"/>
      </object_component>
      <object_component id="oc-1e3">
         <name>.text.mpu_set_dmp_state</name>
         <load_address>0x6d60</load_address>
         <readonly>true</readonly>
         <executable>true</executable>
         <run_address>0x6d60</run_address>
         <size>0xb8</size>
         <alignment>0x4</alignment>
         <input_file_ref idref="fl-b"/>
      </object_component>
      <object_component id="oc-1b2">
         <name>.text.SYSCFG_DL_initPower</name>
         <load_address>0x6e18</load_address>
         <readonly>true</readonly>
         <executable>true</executable>
         <run_address>0x6e18</run_address>
         <size>0xb0</size>
         <alignment>0x4</alignment>
         <input_file_ref idref="fl-2"/>
      </object_component>
      <object_component id="oc-d5">
         <name>.text.set_pwm</name>
         <load_address>0x6ec8</load_address>
         <readonly>true</readonly>
         <executable>true</executable>
         <run_address>0x6ec8</run_address>
         <size>0xb0</size>
         <alignment>0x4</alignment>
         <input_file_ref idref="fl-e"/>
      </object_component>
      <object_component id="oc-364">
         <name>.text.mpu_read_mem</name>
         <load_address>0x6f78</load_address>
         <readonly>true</readonly>
         <executable>true</executable>
         <run_address>0x6f78</run_address>
         <size>0xac</size>
         <alignment>0x4</alignment>
         <input_file_ref idref="fl-b"/>
      </object_component>
      <object_component id="oc-2e7">
         <name>.text.mpu_write_mem</name>
         <load_address>0x7024</load_address>
         <readonly>true</readonly>
         <executable>true</executable>
         <run_address>0x7024</run_address>
         <size>0xac</size>
         <alignment>0x4</alignment>
         <input_file_ref idref="fl-b"/>
      </object_component>
      <object_component id="oc-257">
         <name>.text.round</name>
         <load_address>0x70d0</load_address>
         <readonly>true</readonly>
         <executable>true</executable>
         <run_address>0x70d0</run_address>
         <size>0xa8</size>
         <alignment>0x4</alignment>
         <input_file_ref idref="fl-44"/>
      </object_component>
      <object_component id="oc-3dd">
         <name>.text</name>
         <load_address>0x7178</load_address>
         <readonly>true</readonly>
         <executable>true</executable>
         <run_address>0x7178</run_address>
         <size>0xa2</size>
         <alignment>0x4</alignment>
         <input_file_ref idref="fl-121"/>
      </object_component>
      <object_component id="oc-3f9">
         <name>.text.__aeabi_ldiv0</name>
         <load_address>0x721a</load_address>
         <readonly>true</readonly>
         <executable>true</executable>
         <run_address>0x721a</run_address>
         <size>0x2</size>
         <alignment>0x2</alignment>
         <input_file_ref idref="fl-125"/>
      </object_component>
      <object_component id="oc-317">
         <name>.text.OLED_WR_Byte</name>
         <load_address>0x721c</load_address>
         <readonly>true</readonly>
         <executable>true</executable>
         <run_address>0x721c</run_address>
         <size>0xa0</size>
         <alignment>0x4</alignment>
         <input_file_ref idref="fl-8"/>
      </object_component>
      <object_component id="oc-2e1">
         <name>.text.mpu_set_int_latched</name>
         <load_address>0x72bc</load_address>
         <readonly>true</readonly>
         <executable>true</executable>
         <run_address>0x72bc</run_address>
         <size>0x9c</size>
         <alignment>0x4</alignment>
         <input_file_ref idref="fl-b"/>
      </object_component>
      <object_component id="oc-1e1">
         <name>.text.dmp_set_fifo_rate</name>
         <load_address>0x7358</load_address>
         <readonly>true</readonly>
         <executable>true</executable>
         <run_address>0x7358</run_address>
         <size>0x98</size>
         <alignment>0x4</alignment>
         <input_file_ref idref="fl-c"/>
      </object_component>
      <object_component id="oc-2e6">
         <name>.text.inv_row_2_scale</name>
         <load_address>0x73f0</load_address>
         <readonly>true</readonly>
         <executable>true</executable>
         <run_address>0x73f0</run_address>
         <size>0x96</size>
         <alignment>0x2</alignment>
         <input_file_ref idref="fl-d"/>
      </object_component>
      <object_component id="oc-328">
         <name>.text._nop</name>
         <load_address>0x7486</load_address>
         <readonly>true</readonly>
         <executable>true</executable>
         <run_address>0x7486</run_address>
         <size>0x2</size>
         <alignment>0x2</alignment>
         <input_file_ref idref="fl-48"/>
      </object_component>
      <object_component id="oc-318">
         <name>.text.OLED_DrawPoint</name>
         <load_address>0x7488</load_address>
         <readonly>true</readonly>
         <executable>true</executable>
         <run_address>0x7488</run_address>
         <size>0x90</size>
         <alignment>0x4</alignment>
         <input_file_ref idref="fl-8"/>
      </object_component>
      <object_component id="oc-379">
         <name>.text.delay_us</name>
         <load_address>0x7518</load_address>
         <readonly>true</readonly>
         <executable>true</executable>
         <run_address>0x7518</run_address>
         <size>0x90</size>
         <alignment>0x4</alignment>
         <input_file_ref idref="fl-a"/>
      </object_component>
      <object_component id="oc-1a7">
         <name>.text.get_Freq</name>
         <load_address>0x75a8</load_address>
         <readonly>true</readonly>
         <executable>true</executable>
         <run_address>0x75a8</run_address>
         <size>0x90</size>
         <alignment>0x4</alignment>
         <input_file_ref idref="fl-5"/>
      </object_component>
      <object_component id="oc-a5">
         <name>.text.__mulsf3</name>
         <load_address>0x7638</load_address>
         <readonly>true</readonly>
         <executable>true</executable>
         <run_address>0x7638</run_address>
         <size>0x8c</size>
         <alignment>0x4</alignment>
         <input_file_ref idref="fl-10d"/>
      </object_component>
      <object_component id="oc-131">
         <name>.text.decode_gesture</name>
         <load_address>0x76c4</load_address>
         <readonly>true</readonly>
         <executable>true</executable>
         <run_address>0x76c4</run_address>
         <size>0x8c</size>
         <alignment>0x4</alignment>
         <input_file_ref idref="fl-c"/>
      </object_component>
      <object_component id="oc-1e2">
         <name>.text.run_self_test</name>
         <load_address>0x7750</load_address>
         <readonly>true</readonly>
         <executable>true</executable>
         <run_address>0x7750</run_address>
         <size>0x86</size>
         <alignment>0x2</alignment>
         <input_file_ref idref="fl-d"/>
      </object_component>
      <object_component id="oc-2d0">
         <name>.text.IICwriteBit</name>
         <load_address>0x77d8</load_address>
         <readonly>true</readonly>
         <executable>true</executable>
         <run_address>0x77d8</run_address>
         <size>0x84</size>
         <alignment>0x4</alignment>
         <input_file_ref idref="fl-d"/>
      </object_component>
      <object_component id="oc-28d">
         <name>.text.__NVIC_SetPriority</name>
         <load_address>0x785c</load_address>
         <readonly>true</readonly>
         <executable>true</executable>
         <run_address>0x785c</run_address>
         <size>0x84</size>
         <alignment>0x4</alignment>
         <input_file_ref idref="fl-2"/>
      </object_component>
      <object_component id="oc-a1">
         <name>.text.__divsf3</name>
         <load_address>0x78e0</load_address>
         <readonly>true</readonly>
         <executable>true</executable>
         <run_address>0x78e0</run_address>
         <size>0x82</size>
         <alignment>0x4</alignment>
         <input_file_ref idref="fl-10e"/>
      </object_component>
      <object_component id="oc-d1">
         <name>.text.Balance</name>
         <load_address>0x7964</load_address>
         <readonly>true</readonly>
         <executable>true</executable>
         <run_address>0x7964</run_address>
         <size>0x80</size>
         <alignment>0x4</alignment>
         <input_file_ref idref="fl-e"/>
      </object_component>
      <object_component id="oc-290">
         <name>.text.DL_TimerA_initPWMMode</name>
         <load_address>0x79e4</load_address>
         <readonly>true</readonly>
         <executable>true</executable>
         <run_address>0x79e4</run_address>
         <size>0x80</size>
         <alignment>0x4</alignment>
         <input_file_ref idref="fl-22"/>
      </object_component>
      <object_component id="oc-1b5">
         <name>.text.SYSCFG_DL_PWM_0_init</name>
         <load_address>0x7a64</load_address>
         <readonly>true</readonly>
         <executable>true</executable>
         <run_address>0x7a64</run_address>
         <size>0x80</size>
         <alignment>0x4</alignment>
         <input_file_ref idref="fl-2"/>
      </object_component>
      <object_component id="oc-2f6">
         <name>.text.mpu_get_accel_sens</name>
         <load_address>0x7ae4</load_address>
         <readonly>true</readonly>
         <executable>true</executable>
         <run_address>0x7ae4</run_address>
         <size>0x80</size>
         <alignment>0x4</alignment>
         <input_file_ref idref="fl-b"/>
      </object_component>
      <object_component id="oc-215">
         <name>.text.OLED_Refresh_Gram</name>
         <load_address>0x7b64</load_address>
         <readonly>true</readonly>
         <executable>true</executable>
         <run_address>0x7b64</run_address>
         <size>0x7c</size>
         <alignment>0x4</alignment>
         <input_file_ref idref="fl-8"/>
      </object_component>
      <object_component id="oc-36b">
         <name>.text.mpu_get_lpf</name>
         <load_address>0x7be0</load_address>
         <readonly>true</readonly>
         <executable>true</executable>
         <run_address>0x7be0</run_address>
         <size>0x7c</size>
         <alignment>0x4</alignment>
         <input_file_ref idref="fl-b"/>
      </object_component>
      <object_component id="oc-1c">
         <name>.text:decompress:lzss</name>
         <load_address>0x7c5c</load_address>
         <readonly>true</readonly>
         <executable>true</executable>
         <run_address>0x7c5c</run_address>
         <size>0x7c</size>
         <alignment>0x4</alignment>
         <input_file_ref idref="fl-58"/>
      </object_component>
      <object_component id="oc-213">
         <name>.text.OLED_ShowString</name>
         <load_address>0x7cd8</load_address>
         <readonly>true</readonly>
         <executable>true</executable>
         <run_address>0x7cd8</run_address>
         <size>0x7a</size>
         <alignment>0x2</alignment>
         <input_file_ref idref="fl-8"/>
      </object_component>
      <object_component id="oc-194">
         <name>.text.__gedf2</name>
         <load_address>0x7d54</load_address>
         <readonly>true</readonly>
         <executable>true</executable>
         <run_address>0x7d54</run_address>
         <size>0x74</size>
         <alignment>0x4</alignment>
         <input_file_ref idref="fl-123"/>
      </object_component>
      <object_component id="oc-1bc">
         <name>.text.SYSCFG_DL_DMA_init</name>
         <load_address>0x7dc8</load_address>
         <readonly>true</readonly>
         <executable>true</executable>
         <run_address>0x7dc8</run_address>
         <size>0x8</size>
         <alignment>0x2</alignment>
         <input_file_ref idref="fl-2"/>
      </object_component>
      <object_component id="oc-bb">
         <name>.text.__truncdfsf2</name>
         <load_address>0x7dd0</load_address>
         <readonly>true</readonly>
         <executable>true</executable>
         <run_address>0x7dd0</run_address>
         <size>0x74</size>
         <alignment>0x10</alignment>
         <input_file_ref idref="fl-117"/>
      </object_component>
      <object_component id="oc-369">
         <name>.text.mpu_get_accel_fsr</name>
         <load_address>0x7e44</load_address>
         <readonly>true</readonly>
         <executable>true</executable>
         <run_address>0x7e44</run_address>
         <size>0x74</size>
         <alignment>0x4</alignment>
         <input_file_ref idref="fl-b"/>
      </object_component>
      <object_component id="oc-31c">
         <name>.text.FenJie_float</name>
         <load_address>0x7eb8</load_address>
         <readonly>true</readonly>
         <executable>true</executable>
         <run_address>0x7eb8</run_address>
         <size>0x70</size>
         <alignment>0x4</alignment>
         <input_file_ref idref="fl-8"/>
      </object_component>
      <object_component id="oc-1a8">
         <name>.text.get_UsedTime</name>
         <load_address>0x7f28</load_address>
         <readonly>true</readonly>
         <executable>true</executable>
         <run_address>0x7f28</run_address>
         <size>0x70</size>
         <alignment>0x4</alignment>
         <input_file_ref idref="fl-5"/>
      </object_component>
      <object_component id="oc-2f4">
         <name>.text.mpu_get_gyro_sens</name>
         <load_address>0x7f98</load_address>
         <readonly>true</readonly>
         <executable>true</executable>
         <run_address>0x7f98</run_address>
         <size>0x70</size>
         <alignment>0x4</alignment>
         <input_file_ref idref="fl-b"/>
      </object_component>
      <object_component id="oc-18e">
         <name>.text.__ledf2</name>
         <load_address>0x8008</load_address>
         <readonly>true</readonly>
         <executable>true</executable>
         <run_address>0x8008</run_address>
         <size>0x68</size>
         <alignment>0x4</alignment>
         <input_file_ref idref="fl-123"/>
      </object_component>
      <object_component id="oc-1f3">
         <name>.text.any_printf</name>
         <load_address>0x8070</load_address>
         <readonly>true</readonly>
         <executable>true</executable>
         <run_address>0x8070</run_address>
         <size>0x68</size>
         <alignment>0x4</alignment>
         <input_file_ref idref="fl-9"/>
      </object_component>
      <object_component id="oc-3ee">
         <name>.text._mcpy</name>
         <load_address>0x80d8</load_address>
         <readonly>true</readonly>
         <executable>true</executable>
         <run_address>0x80d8</run_address>
         <size>0x66</size>
         <alignment>0x2</alignment>
         <input_file_ref idref="fl-3c"/>
      </object_component>
      <object_component id="oc-2ea">
         <name>.text.dmp_set_tap_axes</name>
         <load_address>0x813e</load_address>
         <readonly>true</readonly>
         <executable>true</executable>
         <run_address>0x813e</run_address>
         <size>0x66</size>
         <alignment>0x2</alignment>
         <input_file_ref idref="fl-c"/>
      </object_component>
      <object_component id="oc-d6">
         <name>.text.__aeabi_dcmp</name>
         <load_address>0x81a4</load_address>
         <readonly>true</readonly>
         <executable>true</executable>
         <run_address>0x81a4</run_address>
         <size>0x62</size>
         <alignment>0x4</alignment>
         <input_file_ref idref="fl-118"/>
      </object_component>
      <object_component id="oc-da">
         <name>.text.__aeabi_fcmp</name>
         <load_address>0x8208</load_address>
         <readonly>true</readonly>
         <executable>true</executable>
         <run_address>0x8208</run_address>
         <size>0x62</size>
         <alignment>0x4</alignment>
         <input_file_ref idref="fl-119"/>
      </object_component>
      <object_component id="oc-cb">
         <name>.text.Get_Vol</name>
         <load_address>0x826c</load_address>
         <readonly>true</readonly>
         <executable>true</executable>
         <run_address>0x826c</run_address>
         <size>0x60</size>
         <alignment>0x4</alignment>
         <input_file_ref idref="fl-e"/>
      </object_component>
      <object_component id="oc-216">
         <name>.text.OLED_Clear</name>
         <load_address>0x82cc</load_address>
         <readonly>true</readonly>
         <executable>true</executable>
         <run_address>0x82cc</run_address>
         <size>0x60</size>
         <alignment>0x4</alignment>
         <input_file_ref idref="fl-8"/>
      </object_component>
      <object_component id="oc-1bb">
         <name>.text.SYSCFG_DL_ADC12_0_init</name>
         <load_address>0x832c</load_address>
         <readonly>true</readonly>
         <executable>true</executable>
         <run_address>0x832c</run_address>
         <size>0x60</size>
         <alignment>0x4</alignment>
         <input_file_ref idref="fl-2"/>
      </object_component>
      <object_component id="oc-2e8">
         <name>.text.dmp_enable_gyro_cal</name>
         <load_address>0x838c</load_address>
         <readonly>true</readonly>
         <executable>true</executable>
         <run_address>0x838c</run_address>
         <size>0x60</size>
         <alignment>0x4</alignment>
         <input_file_ref idref="fl-c"/>
      </object_component>
      <object_component id="oc-362">
         <name>.text.fputs</name>
         <load_address>0x83ec</load_address>
         <readonly>true</readonly>
         <executable>true</executable>
         <run_address>0x83ec</run_address>
         <size>0x60</size>
         <alignment>0x4</alignment>
         <input_file_ref idref="fl-9"/>
      </object_component>
      <object_component id="oc-1e4">
         <name>.text.mpu6050_i2c_sda_unlock</name>
         <load_address>0x844c</load_address>
         <readonly>true</readonly>
         <executable>true</executable>
         <run_address>0x844c</run_address>
         <size>0x60</size>
         <alignment>0x4</alignment>
         <input_file_ref idref="fl-6"/>
      </object_component>
      <object_component id="oc-36a">
         <name>.text.mpu_get_gyro_fsr</name>
         <load_address>0x84ac</load_address>
         <readonly>true</readonly>
         <executable>true</executable>
         <run_address>0x84ac</run_address>
         <size>0x60</size>
         <alignment>0x4</alignment>
         <input_file_ref idref="fl-b"/>
      </object_component>
      <object_component id="oc-39a">
         <name>.text.DL_I2C_fillControllerTXFIFO</name>
         <load_address>0x850c</load_address>
         <readonly>true</readonly>
         <executable>true</executable>
         <run_address>0x850c</run_address>
         <size>0x5e</size>
         <alignment>0x2</alignment>
         <input_file_ref idref="fl-21"/>
      </object_component>
      <object_component id="oc-3e2">
         <name>.text.frexp</name>
         <load_address>0x856c</load_address>
         <readonly>true</readonly>
         <executable>true</executable>
         <run_address>0x856c</run_address>
         <size>0x5c</size>
         <alignment>0x4</alignment>
         <input_file_ref idref="fl-43"/>
      </object_component>
      <object_component id="oc-1d3">
         <name>.text.printf</name>
         <load_address>0x85c8</load_address>
         <readonly>true</readonly>
         <executable>true</executable>
         <run_address>0x85c8</run_address>
         <size>0x5c</size>
         <alignment>0x4</alignment>
         <input_file_ref idref="fl-3b"/>
      </object_component>
      <object_component id="oc-21c">
         <name>.text.HW_IIC_Mem_Write</name>
         <load_address>0x8624</load_address>
         <readonly>true</readonly>
         <executable>true</executable>
         <run_address>0x8624</run_address>
         <size>0x58</size>
         <alignment>0x2</alignment>
         <input_file_ref idref="fl-6"/>
      </object_component>
      <object_component id="oc-1b8">
         <name>.text.SYSCFG_DL_I2C_0_init</name>
         <load_address>0x867c</load_address>
         <readonly>true</readonly>
         <executable>true</executable>
         <run_address>0x867c</run_address>
         <size>0x58</size>
         <alignment>0x4</alignment>
         <input_file_ref idref="fl-2"/>
      </object_component>
      <object_component id="oc-3e6">
         <name>.text.__TI_ltoa</name>
         <load_address>0x86d4</load_address>
         <readonly>true</readonly>
         <executable>true</executable>
         <run_address>0x86d4</run_address>
         <size>0x58</size>
         <alignment>0x2</alignment>
         <input_file_ref idref="fl-49"/>
      </object_component>
      <object_component id="oc-3c0">
         <name>.text._pconv_f</name>
         <load_address>0x872c</load_address>
         <readonly>true</readonly>
         <executable>true</executable>
         <run_address>0x872c</run_address>
         <size>0x58</size>
         <alignment>0x2</alignment>
         <input_file_ref idref="fl-3c"/>
      </object_component>
      <object_component id="oc-31d">
         <name>.text.__aeabi_idivmod</name>
         <load_address>0x8784</load_address>
         <readonly>true</readonly>
         <executable>true</executable>
         <run_address>0x8784</run_address>
         <size>0x56</size>
         <alignment>0x4</alignment>
         <input_file_ref idref="fl-11a"/>
      </object_component>
      <object_component id="oc-1b4">
         <name>.text.SYSCFG_DL_SYSCTL_init</name>
         <load_address>0x87dc</load_address>
         <readonly>true</readonly>
         <executable>true</executable>
         <run_address>0x87dc</run_address>
         <size>0x54</size>
         <alignment>0x4</alignment>
         <input_file_ref idref="fl-2"/>
      </object_component>
      <object_component id="oc-1ba">
         <name>.text.SYSCFG_DL_UART_1_init</name>
         <load_address>0x8830</load_address>
         <readonly>true</readonly>
         <executable>true</executable>
         <run_address>0x8830</run_address>
         <size>0x54</size>
         <alignment>0x4</alignment>
         <input_file_ref idref="fl-2"/>
      </object_component>
      <object_component id="oc-2fd">
         <name>.text.mspm0_i2c_enable</name>
         <load_address>0x8884</load_address>
         <readonly>true</readonly>
         <executable>true</executable>
         <run_address>0x8884</run_address>
         <size>0x54</size>
         <alignment>0x4</alignment>
         <input_file_ref idref="fl-6"/>
      </object_component>
      <object_component id="oc-3ec">
         <name>.text._ecpy</name>
         <load_address>0x88d8</load_address>
         <readonly>true</readonly>
         <executable>true</executable>
         <run_address>0x88d8</run_address>
         <size>0x52</size>
         <alignment>0x2</alignment>
         <input_file_ref idref="fl-3c"/>
      </object_component>
      <object_component id="oc-399">
         <name>.text.DL_I2C_startControllerTransfer</name>
         <load_address>0x892c</load_address>
         <readonly>true</readonly>
         <executable>true</executable>
         <run_address>0x892c</run_address>
         <size>0x50</size>
         <alignment>0x4</alignment>
         <input_file_ref idref="fl-6"/>
      </object_component>
      <object_component id="oc-21d">
         <name>.text.HW_IIC_Mem_Read</name>
         <load_address>0x897c</load_address>
         <readonly>true</readonly>
         <executable>true</executable>
         <run_address>0x897c</run_address>
         <size>0x50</size>
         <alignment>0x2</alignment>
         <input_file_ref idref="fl-6"/>
      </object_component>
      <object_component id="oc-352">
         <name>.text.DL_DMA_initChannel</name>
         <load_address>0x89cc</load_address>
         <readonly>true</readonly>
         <executable>true</executable>
         <run_address>0x89cc</run_address>
         <size>0x4c</size>
         <alignment>0x4</alignment>
         <input_file_ref idref="fl-20"/>
      </object_component>
      <object_component id="oc-2b4">
         <name>.text.DL_UART_setBaudRateDivisor</name>
         <load_address>0x8a18</load_address>
         <readonly>true</readonly>
         <executable>true</executable>
         <run_address>0x8a18</run_address>
         <size>0x4c</size>
         <alignment>0x4</alignment>
         <input_file_ref idref="fl-2"/>
      </object_component>
      <object_component id="oc-f4">
         <name>.text.SYSCFG_DL_init</name>
         <load_address>0x8a64</load_address>
         <readonly>true</readonly>
         <executable>true</executable>
         <run_address>0x8a64</run_address>
         <size>0x4c</size>
         <alignment>0x4</alignment>
         <input_file_ref idref="fl-2"/>
      </object_component>
      <object_component id="oc-2c3">
         <name>.text.DL_ADC12_configConversionMem</name>
         <load_address>0x8ab0</load_address>
         <readonly>true</readonly>
[...]
      </symbol>
      <symbol id="sm-607">
         <name>atan2</name>
         <value>0x42c9</value>
         <object_component_ref idref="oc-bf"/>
      </symbol>
      <symbol id="sm-608">
         <name>atan2l</name>
         <value>0x42c9</value>
         <object_component_ref idref="oc-bf"/>
      </symbol>
      <symbol id="sm-63c">
         <name>pow</name>
         <value>0xc1</value>
         <object_component_ref idref="oc-2fe"/>
      </symbol>
      <symbol id="sm-63d">
         <name>powl</name>
         <value>0xc1</value>
         <object_component_ref idref="oc-2fe"/>
      </symbol>
      <symbol id="sm-647">
         <name>sqrt</name>
         <value>0x4a31</value>
         <object_component_ref idref="oc-149"/>
      </symbol>
      <symbol id="sm-648">
         <name>sqrtl</name>
         <value>0x4a31</value>
         <object_component_ref idref="oc-149"/>
      </symbol>
      <symbol id="sm-65f">
         <name>atan</name>
         <value>0x1ce1</value>
         <object_component_ref idref="oc-158"/>
      </symbol>
      <symbol id="sm-660">
         <name>atanl</name>
         <value>0x1ce1</value>
         <object_component_ref idref="oc-158"/>
      </symbol>
      <symbol id="sm-66a">
         <name>frexp</name>
         <value>0x856d</value>
         <object_component_ref idref="oc-3e2"/>
      </symbol>
      <symbol id="sm-66b">
         <name>frexpl</name>
         <value>0x856d</value>
         <object_component_ref idref="oc-3e2"/>
      </symbol>
      <symbol id="sm-679">
         <name>round</name>
         <value>0x70d1</value>
         <object_component_ref idref="oc-257"/>
      </symbol>
      <symbol id="sm-67a">
         <name>roundl</name>
         <value>0x70d1</value>
         <object_component_ref idref="oc-257"/>
      </symbol>
      <symbol id="sm-684">
         <name>scalbn</name>
         <value>0x64c1</value>
         <object_component_ref idref="oc-388"/>
      </symbol>
      <symbol id="sm-685">
         <name>ldexp</name>
         <value>0x64c1</value>
         <object_component_ref idref="oc-388"/>
      </symbol>
      <symbol id="sm-686">
         <name>scalbnl</name>
         <value>0x64c1</value>
         <object_component_ref idref="oc-388"/>
      </symbol>
      <symbol id="sm-687">
         <name>ldexpl</name>
         <value>0x64c1</value>
         <object_component_ref idref="oc-388"/>
      </symbol>
      <symbol id="sm-690">
         <name>wcslen</name>
         <value>0xa3cd</value>
         <object_component_ref idref="oc-3b5"/>
      </symbol>
      <symbol id="sm-69b">
         <name>__aeabi_errno_addr</name>
         <value>0xa515</value>
         <object_component_ref idref="oc-13e"/>
      </symbol>
      <symbol id="sm-69c">
         <name>__aeabi_errno</name>
         <value>0x20200990</value>
         <object_component_ref idref="oc-23b"/>
      </symbol>
      <symbol id="sm-6a5">
         <name>_nop</name>
         <value>0x7487</value>
         <object_component_ref idref="oc-328"/>
      </symbol>
      <symbol id="sm-6a6">
         <name>_lock</name>
         <value>0x20200994</value>
         <object_component_ref idref="oc-227"/>
      </symbol>
      <symbol id="sm-6a7">
         <name>_unlock</name>
         <value>0x20200998</value>
         <object_component_ref idref="oc-22a"/>
      </symbol>
      <symbol id="sm-6b0">
         <name>__TI_ltoa</name>
         <value>0x86d5</value>
         <object_component_ref idref="oc-3e6"/>
      </symbol>
      <symbol id="sm-6bb">
         <name>atoi</name>
         <value>0x8ec1</value>
         <object_component_ref idref="oc-3b1"/>
      </symbol>
      <symbol id="sm-6c0">
         <name>_ftable</name>
         <value>0x202007a4</value>
         <object_component_ref idref="oc-2d3"/>
      </symbol>
      <symbol id="sm-6c9">
         <name>memccpy</name>
         <value>0x98c9</value>
         <object_component_ref idref="oc-3aa"/>
      </symbol>
      <symbol id="sm-6d2">
         <name>memcmp</name>
         <value>0x99cd</value>
         <object_component_ref idref="oc-365"/>
      </symbol>
      <symbol id="sm-6dc">
         <name>strlen</name>
         <value>0xa417</value>
         <object_component_ref idref="oc-3c2"/>
      </symbol>
      <symbol id="sm-6e7">
         <name>_c_int00_noargs</name>
         <value>0x9755</value>
         <object_component_ref idref="oc-5a"/>
      </symbol>
      <symbol id="sm-6e8">
         <name>__stack</name>
         <value>0x20207e00</value>
         <object_component_ref idref="oc-1a"/>
      </symbol>
      <symbol id="sm-6f7">
         <name>__TI_auto_init_nobinit_nopinit</name>
         <value>0x9199</value>
         <object_component_ref idref="oc-119"/>
      </symbol>
      <symbol id="sm-6ff">
         <name>_system_pre_init</name>
         <value>0xa591</value>
         <object_component_ref idref="oc-8d"/>
      </symbol>
      <symbol id="sm-70a">
         <name>__TI_zero_init</name>
         <value>0xa3dd</value>
         <object_component_ref idref="oc-57"/>
      </symbol>
      <symbol id="sm-713">
         <name>__TI_decompress_none</name>
         <value>0xa35b</value>
         <object_component_ref idref="oc-20"/>
      </symbol>
      <symbol id="sm-71e">
         <name>__TI_decompress_lzss</name>
         <value>0x7c5d</value>
         <object_component_ref idref="oc-1c"/>
      </symbol>
      <symbol id="sm-72a">
         <name>floor</name>
         <value>0x4d05</value>
         <object_component_ref idref="oc-33d"/>
      </symbol>
      <symbol id="sm-72b">
         <name>floorl</name>
         <value>0x4d05</value>
         <object_component_ref idref="oc-33d"/>
      </symbol>
      <symbol id="sm-72c">
         <name>__aeabi_ctype_table_</name>
         <value>0xbc00</value>
         <object_component_ref idref="oc-3d6"/>
      </symbol>
      <symbol id="sm-72d">
         <name>__aeabi_ctype_table_C</name>
         <value>0xbc00</value>
         <object_component_ref idref="oc-3d6"/>
      </symbol>
      <symbol id="sm-737">
         <name>abort</name>
         <value>0xa55b</value>
         <object_component_ref idref="oc-112"/>
      </symbol>
      <symbol id="sm-740">
         <name>HOSTexit</name>
         <value>0xa565</value>
         <object_component_ref idref="oc-221"/>
      </symbol>
      <symbol id="sm-741">
         <name>C$$EXIT</name>
         <value>0xa564</value>
         <object_component_ref idref="oc-221"/>
      </symbol>
      <symbol id="sm-751">
         <name>__aeabi_fadd</name>
         <value>0x65a3</value>
         <object_component_ref idref="oc-a9"/>
      </symbol>
      <symbol id="sm-752">
         <name>__addsf3</name>
         <value>0x65a3</value>
         <object_component_ref idref="oc-a9"/>
      </symbol>
      <symbol id="sm-753">
         <name>__aeabi_fsub</name>
         <value>0x6599</value>
         <object_component_ref idref="oc-a9"/>
      </symbol>
      <symbol id="sm-754">
         <name>__subsf3</name>
         <value>0x6599</value>
         <object_component_ref idref="oc-a9"/>
      </symbol>
      <symbol id="sm-75a">
         <name>__aeabi_dadd</name>
         <value>0x413f</value>
         <object_component_ref idref="oc-143"/>
      </symbol>
      <symbol id="sm-75b">
         <name>__adddf3</name>
         <value>0x413f</value>
         <object_component_ref idref="oc-143"/>
      </symbol>
      <symbol id="sm-75c">
         <name>__aeabi_dsub</name>
         <value>0x4135</value>
         <object_component_ref idref="oc-143"/>
      </symbol>
      <symbol id="sm-75d">
         <name>__subdf3</name>
         <value>0x4135</value>
         <object_component_ref idref="oc-143"/>
      </symbol>
      <symbol id="sm-769">
         <name>__aeabi_dmul</name>
         <value>0x6065</value>
         <object_component_ref idref="oc-b7"/>
      </symbol>
      <symbol id="sm-76a">
         <name>__muldf3</name>
         <value>0x6065</value>
         <object_component_ref idref="oc-b7"/>
      </symbol>
      <symbol id="sm-773">
         <name>__muldsi3</name>
         <value>0x9211</value>
         <object_component_ref idref="oc-137"/>
      </symbol>
      <symbol id="sm-779">
         <name>__aeabi_fmul</name>
         <value>0x7639</value>
         <object_component_ref idref="oc-a5"/>
      </symbol>
      <symbol id="sm-77a">
         <name>__mulsf3</name>
         <value>0x7639</value>
         <object_component_ref idref="oc-a5"/>
      </symbol>
      <symbol id="sm-780">
         <name>__aeabi_fdiv</name>
         <value>0x78e1</value>
         <object_component_ref idref="oc-a1"/>
      </symbol>
      <symbol id="sm-781">
         <name>__divsf3</name>
         <value>0x78e1</value>
         <object_component_ref idref="oc-a1"/>
      </symbol>
      <symbol id="sm-787">
         <name>__aeabi_ddiv</name>
         <value>0x589d</value>
         <object_component_ref idref="oc-150"/>
      </symbol>
      <symbol id="sm-788">
         <name>__divdf3</name>
         <value>0x589d</value>
         <object_component_ref idref="oc-150"/>
      </symbol>
      <symbol id="sm-791">
         <name>__aeabi_f2d</name>
         <value>0x8e81</value>
         <object_component_ref idref="oc-ad"/>
      </symbol>
      <symbol id="sm-792">
         <name>__extendsfdf2</name>
         <value>0x8e81</value>
         <object_component_ref idref="oc-ad"/>
      </symbol>
      <symbol id="sm-798">
         <name>__aeabi_d2iz</name>
         <value>0x8afd</value>
         <object_component_ref idref="oc-25d"/>
      </symbol>
      <symbol id="sm-799">
         <name>__fixdfsi</name>
         <value>0x8afd</value>
         <object_component_ref idref="oc-25d"/>
      </symbol>
      <symbol id="sm-79f">
         <name>__aeabi_f2iz</name>
         <value>0x924d</value>
         <object_component_ref idref="oc-16d"/>
      </symbol>
      <symbol id="sm-7a0">
         <name>__fixsfsi</name>
         <value>0x924d</value>
         <object_component_ref idref="oc-16d"/>
      </symbol>
      <symbol id="sm-7a6">
         <name>__aeabi_i2d</name>
         <value>0x9591</value>
         <object_component_ref idref="oc-167"/>
      </symbol>
      <symbol id="sm-7a7">
         <name>__floatsidf</name>
         <value>0x9591</value>
         <object_component_ref idref="oc-167"/>
      </symbol>
      <symbol id="sm-7ad">
         <name>__aeabi_i2f</name>
         <value>0x906d</value>
         <object_component_ref idref="oc-69"/>
      </symbol>
      <symbol id="sm-7ae">
         <name>__floatsisf</name>
         <value>0x906d</value>
         <object_component_ref idref="oc-69"/>
      </symbol>
      <symbol id="sm-7b4">
         <name>__aeabi_ui2f</name>
         <value>0x972d</value>
         <object_component_ref idref="oc-cc"/>
      </symbol>
      <symbol id="sm-7b5">
         <name>__floatunsisf</name>
         <value>0x972d</value>
         <object_component_ref idref="oc-cc"/>
      </symbol>
      <symbol id="sm-7bb">
         <name>__aeabi_lmul</name>
         <value>0x9881</value>
         <object_component_ref idref="oc-371"/>
      </symbol>
      <symbol id="sm-7bc">
         <name>__muldi3</name>
         <value>0x9881</value>
         <object_component_ref idref="oc-371"/>
      </symbol>
      <symbol id="sm-7c3">
         <name>__aeabi_d2f</name>
         <value>0x7dd1</value>
         <object_component_ref idref="oc-bb"/>
      </symbol>
      <symbol id="sm-7c4">
         <name>__truncdfsf2</name>
         <value>0x7dd1</value>
         <object_component_ref idref="oc-bb"/>
      </symbol>
      <symbol id="sm-7ca">
         <name>__aeabi_dcmpeq</name>
         <value>0x81a5</value>
         <object_component_ref idref="oc-d6"/>
      </symbol>
      <symbol id="sm-7cb">
         <name>__aeabi_dcmplt</name>
         <value>0x81b9</value>
         <object_component_ref idref="oc-d6"/>
      </symbol>
      <symbol id="sm-7cc">
         <name>__aeabi_dcmple</name>
         <value>0x81cd</value>
         <object_component_ref idref="oc-d6"/>
      </symbol>
      <symbol id="sm-7cd">
         <name>__aeabi_dcmpge</name>
         <value>0x81e1</value>
         <object_component_ref idref="oc-d6"/>
      </symbol>
      <symbol id="sm-7ce">
         <name>__aeabi_dcmpgt</name>
         <value>0x81f5</value>
         <object_component_ref idref="oc-d6"/>
      </symbol>
      <symbol id="sm-7d4">
         <name>__aeabi_fcmpeq</name>
         <value>0x8209</value>
         <object_component_ref idref="oc-da"/>
      </symbol>
      <symbol id="sm-7d5">
         <name>__aeabi_fcmplt</name>
         <value>0x821d</value>
         <object_component_ref idref="oc-da"/>
      </symbol>
      <symbol id="sm-7d6">
         <name>__aeabi_fcmple</name>
         <value>0x8231</value>
         <object_component_ref idref="oc-da"/>
      </symbol>
      <symbol id="sm-7d7">
         <name>__aeabi_fcmpge</name>
         <value>0x8245</value>
         <object_component_ref idref="oc-da"/>
      </symbol>
      <symbol id="sm-7d8">
         <name>__aeabi_fcmpgt</name>
         <value>0x8259</value>
         <object_component_ref idref="oc-da"/>
      </symbol>
      <symbol id="sm-7de">
         <name>__aeabi_idiv</name>
         <value>0x8785</value>
         <object_component_ref idref="oc-31d"/>
      </symbol>
      <symbol id="sm-7df">
         <name>__aeabi_idivmod</name>
         <value>0x8785</value>
         <object_component_ref idref="oc-31d"/>
      </symbol>
      <symbol id="sm-7e5">
         <name>__aeabi_ldivmod</name>
         <value>0xa2c5</value>
         <object_component_ref idref="oc-3c9"/>
      </symbol>
      <symbol id="sm-7eb">
         <name>__aeabi_memcpy</name>
         <value>0xa51d</value>
         <object_component_ref idref="oc-4a"/>
      </symbol>
      <symbol id="sm-7ec">
         <name>__aeabi_memcpy4</name>
         <value>0xa51d</value>
         <object_component_ref idref="oc-4a"/>
      </symbol>
      <symbol id="sm-7ed">
         <name>__aeabi_memcpy8</name>
         <value>0xa51d</value>
         <object_component_ref idref="oc-4a"/>
      </symbol>
      <symbol id="sm-7f6">
         <name>__aeabi_memset</name>
         <value>0xa3ed</value>
         <object_component_ref idref="oc-3a9"/>
      </symbol>
      <symbol id="sm-7f7">
         <name>__aeabi_memset4</name>
         <value>0xa3ed</value>
         <object_component_ref idref="oc-3a9"/>
      </symbol>
      <symbol id="sm-7f8">
         <name>__aeabi_memset8</name>
         <value>0xa3ed</value>
         <object_component_ref idref="oc-3a9"/>
      </symbol>
      <symbol id="sm-7f9">
         <name>__aeabi_memclr</name>
         <value>0xa441</value>
         <object_component_ref idref="oc-88"/>
      </symbol>
      <symbol id="sm-7fa">
         <name>__aeabi_memclr4</name>
         <value>0xa441</value>
         <object_component_ref idref="oc-88"/>
      </symbol>
      <symbol id="sm-7fb">
         <name>__aeabi_memclr8</name>
         <value>0xa441</value>
         <object_component_ref idref="oc-88"/>
      </symbol>
      <symbol id="sm-801">
         <name>__aeabi_uidiv</name>
         <value>0x8e41</value>
         <object_component_ref idref="oc-232"/>
      </symbol>
      <symbol id="sm-802">
         <name>__aeabi_uidivmod</name>
         <value>0x8e41</value>
         <object_component_ref idref="oc-232"/>
      </symbol>
      <symbol id="sm-808">
         <name>__aeabi_uldivmod</name>
         <value>0xa2d9</value>
         <object_component_ref idref="oc-3ba"/>
      </symbol>
      <symbol id="sm-811">
         <name>__eqsf2</name>
         <value>0x91d5</value>
         <object_component_ref idref="oc-196"/>
      </symbol>
      <symbol id="sm-812">
         <name>__lesf2</name>
         <value>0x91d5</value>
         <object_component_ref idref="oc-196"/>
      </symbol>
      <symbol id="sm-813">
         <name>__ltsf2</name>
         <value>0x91d5</value>
         <object_component_ref idref="oc-196"/>
      </symbol>
      <symbol id="sm-814">
         <name>__nesf2</name>
         <value>0x91d5</value>
         <object_component_ref idref="oc-196"/>
      </symbol>
      <symbol id="sm-815">
         <name>__cmpsf2</name>
         <value>0x91d5</value>
         <object_component_ref idref="oc-196"/>
      </symbol>
      <symbol id="sm-816">
         <name>__gtsf2</name>
         <value>0x90a9</value>
         <object_component_ref idref="oc-19b"/>
      </symbol>
      <symbol id="sm-817">
         <name>__gesf2</name>
         <value>0x90a9</value>
         <object_component_ref idref="oc-19b"/>
      </symbol>
      <symbol id="sm-81d">
         <name>__udivmoddi4</name>
         <value>0x7179</value>
         <object_component_ref idref="oc-3dd"/>
      </symbol>
      <symbol id="sm-823">
         <name>__aeabi_llsl</name>
         <value>0x9a85</value>
         <object_component_ref idref="oc-3fa"/>
      </symbol>
      <symbol id="sm-824">
         <name>__ashldi3</name>
         <value>0x9a85</value>
         <object_component_ref idref="oc-3fa"/>
      </symbol>
      <symbol id="sm-832">
         <name>__ledf2</name>
         <value>0x8009</value>
         <object_component_ref idref="oc-18e"/>
      </symbol>
      <symbol id="sm-833">
         <name>__gedf2</name>
         <value>0x7d55</value>
         <object_component_ref idref="oc-194"/>
      </symbol>
      <symbol id="sm-834">
         <name>__cmpdf2</name>
         <value>0x8009</value>
         <object_component_ref idref="oc-18e"/>
      </symbol>
      <symbol id="sm-835">
         <name>__eqdf2</name>
         <value>0x8009</value>
         <object_component_ref idref="oc-18e"/>
      </symbol>
      <symbol id="sm-836">
         <name>__ltdf2</name>
         <value>0x8009</value>
         <object_component_ref idref="oc-18e"/>
      </symbol>
      <symbol id="sm-837">
         <name>__nedf2</name>
         <value>0x8009</value>
         <object_component_ref idref="oc-18e"/>
      </symbol>
      <symbol id="sm-838">
         <name>__gtdf2</name>
         <value>0x7d55</value>
         <object_component_ref idref="oc-194"/>
      </symbol>
      <symbol id="sm-841">
         <name>__divmoddi4</name>
         <value>0x8f01</value>
         <object_component_ref idref="oc-3f4"/>
      </symbol>
      <symbol id="sm-84d">
         <name>__aeabi_idiv0</name>
         <value>0x42c7</value>
         <object_component_ref idref="oc-332"/>
      </symbol>
      <symbol id="sm-84e">
         <name>__aeabi_ldiv0</name>
         <value>0x721b</value>
         <object_component_ref idref="oc-3f9"/>
      </symbol>
      <symbol id="sm-857">
         <name>TI_memcpy_small</name>
         <value>0xa349</value>
         <object_component_ref idref="oc-ea"/>
      </symbol>
      <symbol id="sm-860">
         <name>TI_memset_small</name>
         <value>0xa425</value>
         <object_component_ref idref="oc-1ac"/>
      </symbol>
      <symbol id="sm-861">
         <name>__TI_static_base__</name>
         <value>0x0</value>
      </symbol>
      <symbol id="sm-865">
         <name>__mpu_init</name>
         <value>0x0</value>
      </symbol>
      <symbol id="sm-866">
         <name>_system_post_cinit</name>
         <value>0x0</value>
      </symbol>
   </symbol_table>
   <title>Link successful</title>
</link_info>
