******************************************************************************
            TI ARM Clang Linker PC v4.0.3                      
******************************************************************************
>> Linked Wed Mar 25 14:18:58 2026

OUTPUT FILE NAME:   <empty_LP_MSPM0G3507_nortos_ticlang.out>
ENTRY POINT SYMBOL: "_c_int00_noargs"  address: 00009755


MEMORY CONFIGURATION

         name            origin    length      used     unused   attr    fill
----------------------  --------  ---------  --------  --------  ----  --------
  FLASH                 00000000   00020000  0000c190  00013e70  R  X
  SRAM                  20200000   00008000  00000bd6  0000742a  RW X
  BCR_CONFIG            41c00000   00000080  00000000  00000080  R   
  BSL_CONFIG            41c00100   00000080  00000000  00000080  R   


SEGMENT ALLOCATION MAP

run origin  load origin   length   init length attrs members
----------  ----------- ---------- ----------- ----- -------
00000000    00000000    0000c190   0000c190    r-x
  00000000    00000000    000000c0   000000c0    r-- .intvecs
  000000c0    000000c0    0000a4e0   0000a4e0    r-x .text
  0000a5a0    0000a5a0    00001b00   00001b00    r-- .rodata
  0000c0a0    0000c0a0    000000f0   000000f0    r-- .cinit
20200000    20200000    000009d9   00000000    rw-
  20200000    20200000    000007a1   00000000    rw- .bss
  202007a4    202007a4    00000235   00000000    rw- .data
20207e00    20207e00    00000200   00000000    rw-
  20207e00    20207e00    00000200   00000000    rw- .stack


SECTION ALLOCATION MAP

 output                                  attributes/
section   page    origin      length       input sections
--------  ----  ----------  ----------   ----------------
.intvecs   0    00000000    000000c0     
                  00000000    000000c0     startup_mspm0g350x_ticlang.o (.intvecs)

.text      0    000000c0    0000a4e0     
                  000000c0    00000a48     libc.a : e_pow.c.obj (.text.pow)
                  00000b08    000009d0            : _printfi.c.obj (.text:__TI_printfi)
                  000014d8    000004a4     inv_mpu.o (.text.get_st_biases)
                  0000197c    00000364     libc.a : e_asin.c.obj (.text.asin)
                  00001ce0    000002f8            : s_atan.c.obj (.text.atan)
                  00001fd8    000002ec     bluetooth.o (.text.bt_control)
                  000022c4    000002a0     show.o (.text.oled_show)
                  00002564    00000278     inv_mpu_dmp_motion_driver.o (.text.dmp_enable_feature)
                  000027dc    00000238     MPU6050.o (.text.Read_DMP)
                  00002a14    00000238     inv_mpu_dmp_motion_driver.o (.text.dmp_set_tap_thresh)
                  00002c4c    00000220     libc.a : _printfi.c.obj (.text._pconv_a)
                  00002e6c    00000220     inv_mpu.o (.text.mpu_reset_fifo)
                  0000308c    00000214     empty.o (.text.GROUP1_IRQHandler)
                  000032a0    00000214     inv_mpu.o (.text.mpu_init)
                  000034b4    00000210     bsp_oled.o (.text.oled_showfloat)
                  000036c4    000001f4     inv_mpu_dmp_motion_driver.o (.text.dmp_read_fifo)
                  000038b8    000001dc     libc.a : _printfi.c.obj (.text._pconv_g)
                  00003a94    000001c0     balance.o (.text.Velocity)
                  00003c54    000001a4     balance.o (.text.BalanceControlTask)
                  00003df8    000001a0     inv_mpu.o (.text.mpu_set_bypass)
                  00003f98    0000019c     ti_msp_dl_config.o (.text.SYSCFG_DL_GPIO_init)
                  00004134    00000192     libclang_rt.builtins.a : adddf3.S.obj (.text.adddf3_subdf3)
                  000042c6    00000002                            : aeabi_div0.c.obj (.text.__aeabi_idiv0)
                  000042c8    00000188     libc.a : e_atan2.c.obj (.text.atan2)
                  00004450    00000184     bsp_key.o (.text.key_scan)
                  000045d4    00000178     inv_mpu_dmp_motion_driver.o (.text.dmp_set_orientation)
                  0000474c    00000174     inv_mpu.o (.text.mpu_run_self_test)
                  000048c0    00000170     bluetooth.o (.text.BTBufferHandler)
                  00004a30    00000170     libc.a : e_sqrt.c.obj (.text.sqrt)
                  00004ba0    00000164     MPU6050.o (.text.DMP_Init)
                  00004d04    00000144     libc.a : s_floor.c.obj (.text.floor)
                  00004e48    0000013c            : _printfi.c.obj (.text.fcvt)
                  00004f84    00000138     inv_mpu_dmp_motion_driver.o (.text.dmp_set_gyro_bias)
                  000050bc    00000130     inv_mpu.o (.text.gyro_self_test)
                  000051ec    00000130     inv_mpu.o (.text.mpu_set_sensors)
                  0000531c    00000124     inv_mpu.o (.text.mpu_load_firmware)
                  00005440    00000120     libc.a : _printfi.c.obj (.text._pconv_e)
                  00005560    00000118     bsp_iic.o (.text.mspm0_i2c_read)
                  00005678    00000114     bsp_oled.o (.text.OLED_ShowChar)
                  0000578c    00000110     inv_mpu.o (.text.mpu_lp_accel_mode)
                  0000589c    0000010c     libclang_rt.builtins.a : divdf3.S.obj (.text.__divdf3)
                  000059a8    00000108     inv_mpu_dmp_motion_driver.o (.text.dmp_set_accel_bias)
                  00005ab0    00000108     inv_mpu.o (.text.mpu_read_fifo_stream)
                  00005bb8    000000f8     bsp_oled.o (.text.OLED_Init)
                  00005cb0    000000f4     balance.o (.text.Turn)
                  00005da4    000000ec     inv_mpu.o (.text.get_accel_prod_shift)
                  00005e90    000000ec     inv_mpu.o (.text.mpu_set_sample_rate)
                  00005f7c    000000e8     driverlib.a : dl_timer.o (.text.DL_Timer_initTimerMode)
                  00006064    000000e4     libclang_rt.builtins.a : muldf3.S.obj (.text.__muldf3)
                  00006148    000000e4     inv_mpu.o (.text.mpu_set_accel_fsr)
                  0000622c    000000dc     driverlib.a : dl_sysctl_mspm0g1x0x_g3x0x.o (.text.DL_SYSCTL_configSYSPLL)
                  00006308    000000dc     bsp_oled.o (.text.OLED_ShowNumber)
                  000063e4    000000dc     inv_mpu.o (.text.accel_self_test)
                  000064c0    000000d8     libc.a : s_scalbn.c.obj (.text.scalbn)
                  00006598    000000d8     libclang_rt.builtins.a : addsf3.S.obj (.text)
                  00006670    000000d4     inv_mpu.o (.text.set_int_enable)
                  00006744    000000d0     inv_mpu.o (.text.mpu_set_lpf)
                  00006814    000000c8     balance.o (.text.Get_Velocity_Form_Encoder)
                  000068dc    000000c4     driverlib.a : dl_timer.o (.text.DL_Timer_initPWMMode)
                  000069a0    000000c4     empty.o (.text.main)
                  00006a64    000000c4     inv_mpu.o (.text.mpu_set_gyro_fsr)
                  00006b28    000000c4     bsp_iic.o (.text.mspm0_i2c_write)
                  00006bec    000000bc     inv_mpu.o (.text.mpu_configure_fifo)
                  00006ca8    000000b8     MPU6050.o (.text.IICwriteBits)
                  00006d60    000000b8     inv_mpu.o (.text.mpu_set_dmp_state)
                  00006e18    000000b0     ti_msp_dl_config.o (.text.SYSCFG_DL_initPower)
                  00006ec8    000000b0     balance.o (.text.set_pwm)
                  00006f78    000000ac     inv_mpu.o (.text.mpu_read_mem)
                  00007024    000000ac     inv_mpu.o (.text.mpu_write_mem)
                  000070d0    000000a8     libc.a : s_round.c.obj (.text.round)
                  00007178    000000a2     libclang_rt.builtins.a : udivmoddi4.S.obj (.text)
                  0000721a    00000002                            : aeabi_div0.c.obj (.text.__aeabi_ldiv0)
                  0000721c    000000a0     bsp_oled.o (.text.OLED_WR_Byte)
                  000072bc    0000009c     inv_mpu.o (.text.mpu_set_int_latched)
                  00007358    00000098     inv_mpu_dmp_motion_driver.o (.text.dmp_set_fifo_rate)
                  000073f0    00000096     MPU6050.o (.text.inv_row_2_scale)
                  00007486    00000002     libc.a : _lock.c.obj (.text._nop)
                  00007488    00000090     bsp_oled.o (.text.OLED_DrawPoint)
                  00007518    00000090     bsp_systick.o (.text.delay_us)
                  000075a8    00000090     bsp_debugtimer.o (.text.get_Freq)
                  00007638    0000008c     libclang_rt.builtins.a : mulsf3.S.obj (.text.__mulsf3)
                  000076c4    0000008c     inv_mpu_dmp_motion_driver.o (.text.decode_gesture)
                  00007750    00000086     MPU6050.o (.text.run_self_test)
                  000077d6    00000002     --HOLE-- [fill = 0]
                  000077d8    00000084     MPU6050.o (.text.IICwriteBit)
                  0000785c    00000084     ti_msp_dl_config.o (.text.__NVIC_SetPriority)
                  000078e0    00000082     libclang_rt.builtins.a : divsf3.S.obj (.text.__divsf3)
                  00007962    00000002     --HOLE-- [fill = 0]
                  00007964    00000080     balance.o (.text.Balance)
                  000079e4    00000080     driverlib.a : dl_timer.o (.text.DL_TimerA_initPWMMode)
                  00007a64    00000080     ti_msp_dl_config.o (.text.SYSCFG_DL_PWM_0_init)
                  00007ae4    00000080     inv_mpu.o (.text.mpu_get_accel_sens)
                  00007b64    0000007c     bsp_oled.o (.text.OLED_Refresh_Gram)
                  00007be0    0000007c     inv_mpu.o (.text.mpu_get_lpf)
                  00007c5c    0000007c     libc.a : copy_decompress_lzss.c.obj (.text:decompress:lzss)
                  00007cd8    0000007a     bsp_oled.o (.text.OLED_ShowString)
                  00007d52    00000002     --HOLE-- [fill = 0]
                  00007d54    00000074     libclang_rt.builtins.a : comparedf2.c.obj (.text.__gedf2)
                  00007dc8    00000008     ti_msp_dl_config.o (.text.SYSCFG_DL_DMA_init)
                  00007dd0    00000074     libclang_rt.builtins.a : truncdfsf2.S.obj (.text.__truncdfsf2)
                  00007e44    00000074     inv_mpu.o (.text.mpu_get_accel_fsr)
                  00007eb8    00000070     bsp_oled.o (.text.FenJie_float)
                  00007f28    00000070     bsp_debugtimer.o (.text.get_UsedTime)
                  00007f98    00000070     inv_mpu.o (.text.mpu_get_gyro_sens)
                  00008008    00000068     libclang_rt.builtins.a : comparedf2.c.obj (.text.__ledf2)
                  00008070    00000068     bsp_printf.o (.text.any_printf)
                  000080d8    00000066     libc.a : _printfi.c.obj (.text._mcpy)
                  0000813e    00000066     inv_mpu_dmp_motion_driver.o (.text.dmp_set_tap_axes)
                  000081a4    00000062     libclang_rt.builtins.a : aeabi_dcmp.S.obj (.text.__aeabi_dcmp)
                  00008206    00000002     --HOLE-- [fill = 0]
                  00008208    00000062                            : aeabi_fcmp.S.obj (.text.__aeabi_fcmp)
                  0000826a    00000002     --HOLE-- [fill = 0]
                  0000826c    00000060     balance.o (.text.Get_Vol)
                  000082cc    00000060     bsp_oled.o (.text.OLED_Clear)
                  0000832c    00000060     ti_msp_dl_config.o (.text.SYSCFG_DL_ADC12_0_init)
                  0000838c    00000060     inv_mpu_dmp_motion_driver.o (.text.dmp_enable_gyro_cal)
                  000083ec    00000060     bsp_printf.o (.text.fputs)
                  0000844c    00000060     bsp_iic.o (.text.mpu6050_i2c_sda_unlock)
                  000084ac    00000060     inv_mpu.o (.text.mpu_get_gyro_fsr)
                  0000850c    0000005e     driverlib.a : dl_i2c.o (.text.DL_I2C_fillControllerTXFIFO)
                  0000856a    00000002     --HOLE-- [fill = 0]
                  0000856c    0000005c     libc.a : s_frexp.c.obj (.text.frexp)
                  000085c8    0000005c            : printf.c.obj (.text.printf)
                  00008624    00000058     bsp_iic.o (.text.HW_IIC_Mem_Write)
                  0000867c    00000058     ti_msp_dl_config.o (.text.SYSCFG_DL_I2C_0_init)
                  000086d4    00000058     libc.a : _ltoa.c.obj (.text.__TI_ltoa)
                  0000872c    00000058            : _printfi.c.obj (.text._pconv_f)
                  00008784    00000056     libclang_rt.builtins.a : aeabi_idivmod.S.obj (.text.__aeabi_idivmod)
                  000087da    00000002     --HOLE-- [fill = 0]
                  000087dc    00000054     ti_msp_dl_config.o (.text.SYSCFG_DL_SYSCTL_init)
                  00008830    00000054     ti_msp_dl_config.o (.text.SYSCFG_DL_UART_1_init)
                  00008884    00000054     bsp_iic.o (.text.mspm0_i2c_enable)
                  000088d8    00000052     libc.a : _printfi.c.obj (.text._ecpy)
                  0000892a    00000002     --HOLE-- [fill = 0]
                  0000892c    00000050     bsp_iic.o (.text.DL_I2C_startControllerTransfer)
                  0000897c    00000050     bsp_iic.o (.text.HW_IIC_Mem_Read)
                  000089cc    0000004c     driverlib.a : dl_dma.o (.text.DL_DMA_initChannel)
                  00008a18    0000004c     ti_msp_dl_config.o (.text.DL_UART_setBaudRateDivisor)
                  00008a64    0000004c     ti_msp_dl_config.o (.text.SYSCFG_DL_init)
                  00008ab0    0000004a     ti_msp_dl_config.o (.text.DL_ADC12_configConversionMem)
                  00008afa    00000002     --HOLE-- [fill = 0]
                  00008afc    0000004a     libclang_rt.builtins.a : fixdfsi.S.obj (.text.__fixdfsi)
                  00008b46    00000002     --HOLE-- [fill = 0]
                  00008b48    00000048     bluetooth.o (.text.BT_DAMConfig)
                  00008b90    00000048     driverlib.a : dl_uart.o (.text.DL_UART_init)
                  00008bd8    00000048     ti_msp_dl_config.o (.text.SYSCFG_DL_UART_0_init)
                  00008c20    00000048     inv_mpu_dmp_motion_driver.o (.text.dmp_enable_6x_lp_quat)
                  00008c68    00000048     inv_mpu_dmp_motion_driver.o (.text.dmp_enable_lp_quat)
                  00008cb0    00000044     driverlib.a : dl_sysctl_mspm0g1x0x_g3x0x.o (.text.DL_SYSCTL_switchMCLKfromSYSOSCtoHSCLK)
                  00008cf4    00000044     inv_mpu_dmp_motion_driver.o (.text.dmp_set_shake_reject_thresh)
                  00008d38    00000044     inv_mpu_dmp_motion_driver.o (.text.dmp_set_tap_count)
                  00008d7c    00000044     bsp_iic.o (.text.mspm0_i2c_disable)
                  00008dc0    00000040     driverlib.a : dl_adc12.o (.text.DL_ADC12_setClockConfig)
                  00008e00    00000040     MPU6050.o (.text.MPU6050_initialize)
                  00008e40    00000040     libclang_rt.builtins.a : aeabi_uidivmod.S.obj (.text.__aeabi_uidivmod)
                  00008e80    00000040                            : extendsfdf2.S.obj (.text.__extendsfdf2)
                  00008ec0    00000040     libc.a : atoi.c.obj (.text.atoi)
                  00008f00    0000003e     libclang_rt.builtins.a : divmoddi4.c.obj (.text.__divmoddi4)
                  00008f3e    0000003e     MPU6050.o (.text.inv_orientation_matrix_to_scalar)
                  00008f7c    0000003c     bsp_iic.o (.text.DL_GPIO_initPeripheralInputFunctionFeatures)
                  00008fb8    0000003c     ti_msp_dl_config.o (.text.DL_GPIO_initPeripheralInputFunctionFeatures)
                  00008ff4    0000003c     driverlib.a : dl_i2c.o (.text.DL_I2C_flushControllerTXFIFO)
                  00009030    0000003c     MPU6050.o (.text.IICreadBytes)
                  0000906c    0000003c     libclang_rt.builtins.a : floatsisf.S.obj (.text.__floatsisf)
                  000090a8    0000003c                            : comparesf2.S.obj (.text.__gtsf2)
                  000090e4    0000003c     MPU6050.o (.text.i2cRead)
                  00009120    0000003c     inv_mpu.o (.text.myi2cRead)
                  0000915c    0000003c     inv_mpu.o (.text.myi2cWrite)
                  00009198    0000003c     libc.a : autoinit.c.obj (.text:__TI_auto_init_nobinit_nopinit)
                  000091d4    0000003a     libclang_rt.builtins.a : comparesf2.S.obj (.text.__eqsf2)
                  0000920e    00000002     --HOLE-- [fill = 0]
                  00009210    0000003a                            : muldsi3.S.obj (.text.__muldsi3)
                  0000924a    00000002     --HOLE-- [fill = 0]
                  0000924c    00000038                            : fixsfsi.S.obj (.text.__fixsfsi)
                  00009284    00000034     bsp_iic.o (.text.DL_GPIO_initDigitalInputFeatures)
                  000092b8    00000034     ti_msp_dl_config.o (.text.DL_GPIO_initDigitalInputFeatures)
                  000092ec    00000034     ti_msp_dl_config.o (.text.SYSCFG_DL_TIMER_0_init)
                  00009320    00000034     inv_mpu.o (.text.mpu_get_sample_rate)
                  00009354    00000032     balance.o (.text.PWM_Limit)
                  00009386    00000032     inv_mpu_dmp_motion_driver.o (.text.dmp_set_shake_reject_time)
                  000093b8    00000032     inv_mpu_dmp_motion_driver.o (.text.dmp_set_shake_reject_timeout)
                  000093ea    00000002     --HOLE-- [fill = 0]
                  000093ec    00000030     balance.o (.text.DL_ADC12_getMemResult)
                  0000941c    00000030     bluetooth.o (.text.DL_DMA_setTransferSize)
                  0000944c    00000030     libc.a : _printfi.c.obj (.text._fcpy)
                  0000947c    00000030     inv_mpu_dmp_motion_driver.o (.text.dmp_set_tap_time)
                  000094ac    00000030     inv_mpu_dmp_motion_driver.o (.text.dmp_set_tap_time_multi)
                  000094dc    00000030     bsp_oled.o (.text.oled_pow)
                  0000950c    0000002c     ti_msp_dl_config.o (.text.SYSCFG_DL_DebugTimer_init)
                  00009538    0000002c     empty.o (.text.UART0_IRQHandler)
                  00009564    0000002c     empty.o (.text.__NVIC_EnableIRQ)
                  00009590    0000002c     libclang_rt.builtins.a : floatsidf.S.obj (.text.__floatsidf)
                  000095bc    0000002c     bsp_printf.o (.text.fputc)
                  000095e8    0000002c     libc.a : vsprintf.c.obj (.text.vsprintf)
                  00009614    00000028     bsp_iic.o (.text.DL_Common_updateReg)
                  0000963c    00000028     ti_msp_dl_config.o (.text.DL_Common_updateReg)
                  00009664    00000028     bluetooth.o (.text.DL_DMA_setDestAddr)
                  0000968c    00000028     bluetooth.o (.text.DL_DMA_setSrcAddr)
                  000096b4    00000028     ti_msp_dl_config.o (.text.DL_I2C_setControllerRXFIFOThreshold)
                  000096dc    00000028     ti_msp_dl_config.o (.text.DL_I2C_setControllerTXFIFOThreshold)
                  00009704    00000028     ti_msp_dl_config.o (.text.DL_SYSTICK_init)
                  0000972c    00000028     libclang_rt.builtins.a : floatunsisf.S.obj (.text.__floatunsisf)
                  00009754    00000028     libc.a : boot_cortex_m.c.obj (.text:_c_int00_noargs)
                  0000977c    00000026     bluetooth.o (.text.DL_DMA_disableChannel)
                  000097a2    00000026     bluetooth.o (.text.DL_DMA_enableChannel)
                  000097c8    00000026     ti_msp_dl_config.o (.text.DL_I2C_setAnalogGlitchFilterPulseWidth)
                  000097ee    00000026     driverlib.a : dl_i2c.o (.text.DL_I2C_setClockConfig)
                  00009814    00000024     balance.o (.text.ADC1_IRQHandler)
                  00009838    00000024     bluetooth.o (.text.DL_DMA_getTransferSize)
                  0000985c    00000024     ti_msp_dl_config.o (.text.DL_UART_setRXInterruptTimeout)
                  00009880    00000024     libclang_rt.builtins.a : muldi3.S.obj (.text.__muldi3)
                  000098a4    00000024     bsp_systick.o (.text.delay_ms)
                  000098c8    00000022     libc.a : memccpy.c.obj (.text.memccpy)
                  000098ea    00000002     --HOLE-- [fill = 0]
                  000098ec    00000020     ti_msp_dl_config.o (.text.DL_GPIO_initPeripheralInputFunction)
                  0000990c    00000020     MPU6050.o (.text.DL_SYSCTL_resetDevice)
                  0000992c    00000020     ti_msp_dl_config.o (.text.DL_SYSCTL_setFlashWaitState)
                  0000994c    00000020     ti_msp_dl_config.o (.text.DL_SYSCTL_setMFPCLKSource)
                  0000996c    00000020     driverlib.a : dl_uart.o (.text.DL_UART_transmitDataBlocking)
                  0000998c    00000020     MPU6050.o (.text.MPU6050_getDeviceID)
                  000099ac    00000020     bsp_key.o (.text.keyValue)
                  000099cc    00000020     libc.a : memcmp.c.obj (.text.memcmp)
                  000099ec    0000001e     ti_msp_dl_config.o (.text.DL_ADC12_setPowerDownMode)
                  00009a0a    0000001e     ti_msp_dl_config.o (.text.DL_UART_setOversampling)
                  00009a28    0000001e     MPU6050.o (.text.MPU6050_setClockSource)
                  00009a46    0000001e     MPU6050.o (.text.MPU6050_setFullScaleAccelRange)
                  00009a64    0000001e     MPU6050.o (.text.MPU6050_setFullScaleGyroRange)
                  00009a82    00000002     --HOLE-- [fill = 0]
                  00009a84    0000001e     libclang_rt.builtins.a : ashldi3.S.obj (.text.__ashldi3)
                  00009aa2    00000002     --HOLE-- [fill = 0]
                  00009aa4    0000001c     ti_msp_dl_config.o (.text.DL_ADC12_clearInterruptStatus)
                  00009ac0    0000001c     ti_msp_dl_config.o (.text.DL_ADC12_enableInterrupt)
                  00009adc    0000001c     balance.o (.text.DL_ADC12_startConversion)
                  00009af8    0000001c     empty.o (.text.DL_GPIO_clearInterruptStatus)
                  00009b14    0000001c     ti_msp_dl_config.o (.text.DL_GPIO_clearInterruptStatus)
                  00009b30    0000001c     bsp_iic.o (.text.DL_GPIO_enableHiZ)
                  00009b4c    0000001c     ti_msp_dl_config.o (.text.DL_GPIO_enableHiZ)
                  00009b68    0000001c     ti_msp_dl_config.o (.text.DL_GPIO_enableInterrupt)
                  00009b84    0000001c     ti_msp_dl_config.o (.text.DL_GPIO_initPeripheralOutputFunction)
                  00009ba0    0000001c     ti_msp_dl_config.o (.text.DL_GPIO_setLowerPinsPolarity)
                  00009bbc    0000001c     bsp_iic.o (.text.DL_I2C_getSDAStatus)
                  00009bd8    0000001c     bsp_iic.o (.text.DL_I2C_isControllerRXFIFOEmpty)
                  00009bf4    0000001c     ti_msp_dl_config.o (.text.DL_SYSCTL_setSYSOSCFreq)
                  00009c10    0000001c     ti_msp_dl_config.o (.text.DL_SYSCTL_setULPCLKDivider)
                  00009c2c    0000001c     ti_msp_dl_config.o (.text.DL_Timer_enableInterrupt)
                  00009c48    0000001c     driverlib.a : dl_timer.o (.text.DL_Timer_setCaptCompUpdateMethod)
                  00009c64    0000001c                 : dl_timer.o (.text.DL_Timer_setClockConfig)
                  00009c80    0000001c     ti_msp_dl_config.o (.text.DL_UART_enableInterrupt)
                  00009c9c    0000001c     bsp_iic.o (.text.HW_iic_init)
                  00009cb8    0000001c     inv_mpu_dmp_motion_driver.o (.text.dmp_load_motion_driver_firmware)
                  00009cd4    0000001c     inv_mpu.o (.text.mydelay_ms)
                  00009cf0    0000001a     MPU6050.o (.text.MPU6050_setI2CBypassEnabled)
                  00009d0a    0000001a     MPU6050.o (.text.MPU6050_setI2CMasterModeEnabled)
                  00009d24    0000001a     MPU6050.o (.text.MPU6050_setSleepEnabled)
                  00009d3e    00000002     --HOLE-- [fill = 0]
                  00009d40    00000018     ti_msp_dl_config.o (.text.DL_ADC12_enablePower)
                  00009d58    00000018     ti_msp_dl_config.o (.text.DL_ADC12_reset)
                  00009d70    00000018     ti_msp_dl_config.o (.text.DL_ADC12_setSampleTime0)
                  00009d88    00000018     bsp_iic.o (.text.DL_GPIO_enableOutput)
                  00009da0    00000018     ti_msp_dl_config.o (.text.DL_GPIO_enableOutput)
                  00009db8    00000018     ti_msp_dl_config.o (.text.DL_GPIO_enablePower)
                  00009dd0    00000018     empty.o (.text.DL_GPIO_getEnabledInterruptStatus)
                  00009de8    00000018     bsp_iic.o (.text.DL_GPIO_initDigitalOutput)
                  00009e00    00000018     ti_msp_dl_config.o (.text.DL_GPIO_initDigitalOutput)
                  00009e18    00000018     ti_msp_dl_config.o (.text.DL_GPIO_reset)
                  00009e30    00000018     balance.o (.text.DL_GPIO_setPins)
                  00009e48    00000018     bsp_iic.o (.text.DL_GPIO_setPins)
                  00009e60    00000018     bsp_oled.o (.text.DL_GPIO_setPins)
                  00009e78    00000018     ti_msp_dl_config.o (.text.DL_GPIO_setPins)
                  00009e90    00000018     ti_msp_dl_config.o (.text.DL_GPIO_setUpperPinsPolarity)
                  00009ea8    00000018     empty.o (.text.DL_GPIO_togglePins)
                  00009ec0    00000018     bsp_iic.o (.text.DL_I2C_clearInterruptStatus)
                  00009ed8    00000018     ti_msp_dl_config.o (.text.DL_I2C_enableAnalogGlitchFilter)
                  00009ef0    00000018     ti_msp_dl_config.o (.text.DL_I2C_enableController)
                  00009f08    00000018     ti_msp_dl_config.o (.text.DL_I2C_enableControllerClockStretching)
                  00009f20    00000018     bsp_iic.o (.text.DL_I2C_enablePower)
                  00009f38    00000018     ti_msp_dl_config.o (.text.DL_I2C_enablePower)
                  00009f50    00000018     bsp_iic.o (.text.DL_I2C_getRawInterruptStatus)
                  00009f68    00000018     bsp_iic.o (.text.DL_I2C_reset)
                  00009f80    00000018     ti_msp_dl_config.o (.text.DL_I2C_reset)
                  00009f98    00000018     ti_msp_dl_config.o (.text.DL_I2C_setTimerPeriod)
                  00009fb0    00000018     ti_msp_dl_config.o (.text.DL_SYSCTL_setBORThreshold)
                  00009fc8    00000018     ti_msp_dl_config.o (.text.DL_Timer_enablePower)
                  00009fe0    00000018     ti_msp_dl_config.o (.text.DL_Timer_reset)
                  00009ff8    00000018     driverlib.a : dl_timer.o (.text.DL_Timer_setCaptureCompareOutCtl)
                  0000a010    00000018     empty.o (.text.DL_Timer_startCounter)
                  0000a028    00000018     ti_msp_dl_config.o (.text.DL_UART_enableDMAReceiveEvent)
                  0000a040    00000018     ti_msp_dl_config.o (.text.DL_UART_enablePower)
                  0000a058    00000018     bsp_printf.o (.text.DL_UART_isBusy)
                  0000a070    00000018     ti_msp_dl_config.o (.text.DL_UART_reset)
                  0000a088    00000018     ti_msp_dl_config.o (.text.SYSCFG_DL_DMA_CH0_init)
                  0000a0a0    00000018     libc.a : vsprintf.c.obj (.text._outs)
                  0000a0b8    00000018     inv_mpu.o (.text.mpu_get_fifo_config)
                  0000a0d0    00000016     balance.o (.text.DL_ADC12_enableConversions)
                  0000a0e6    00000016     ti_msp_dl_config.o (.text.DL_ADC12_enableConversions)
                  0000a0fc    00000016     bsp_iic.o (.text.DL_GPIO_readPins)
                  0000a112    00000016     bsp_key.o (.text.DL_GPIO_readPins)
                  0000a128    00000016     empty.o (.text.DL_GPIO_readPins)
                  0000a13e    00000016     bsp_iic.o (.text.DL_I2C_transmitControllerData)
                  0000a154    00000016     ti_msp_dl_config.o (.text.DL_UART_enable)
                  0000a16a    00000016     empty.o (.text.DL_UART_transmitData)
                  0000a180    00000016     bsp_iic.o (.text.HW_IIC_Master_Receive)
                  0000a196    00000016     bsp_iic.o (.text.HW_IIC_Master_Transmit)
                  0000a1ac    00000014     balance.o (.text.DL_GPIO_clearPins)
                  0000a1c0    00000014     bsp_iic.o (.text.DL_GPIO_clearPins)
                  0000a1d4    00000014     bsp_oled.o (.text.DL_GPIO_clearPins)
                  0000a1e8    00000014     ti_msp_dl_config.o (.text.DL_GPIO_clearPins)
                  0000a1fc    00000014     bsp_iic.o (.text.DL_I2C_getControllerStatus)
                  0000a210    00000014     bsp_iic.o (.text.DL_I2C_receiveControllerData)
                  0000a224    00000014     ti_msp_dl_config.o (.text.DL_I2C_resetControllerTransfer)
                  0000a238    00000014     ti_msp_dl_config.o (.text.DL_SYSCTL_disableSYSPLL)
                  0000a24c    00000014     ti_msp_dl_config.o (.text.DL_SYSCTL_enableMFCLK)
                  0000a260    00000014     ti_msp_dl_config.o (.text.DL_Timer_enableClock)
                  0000a274    00000014     ti_msp_dl_config.o (.text.DL_Timer_setCCPDirection)
                  0000a288    00000014     empty.o (.text.DL_UART_receiveData)
                  0000a29c    00000014     bsp_iic.o (.text.HW_iic_delayms)
                  0000a2b0    00000014     ti_msp_dl_config.o (.text.SYSCFG_DL_SYSTICK_init)
                  0000a2c4    00000014     libclang_rt.builtins.a : aeabi_ldivmod.S.obj (.text.__aeabi_ldivmod)
                  0000a2d8    00000014                            : aeabi_uldivmod.S.obj (.text.__aeabi_uldivmod)
                  0000a2ec    00000014     libc.a : _printfi.c.obj (.text.strchr)
                  0000a300    00000012     balance.o (.text.DL_ADC12_getPendingInterrupt)
                  0000a312    00000012     empty.o (.text.DL_UART_getPendingInterrupt)
                  0000a324    00000012     driverlib.a : dl_uart.o (.text.DL_UART_setClockConfig)
                  0000a336    00000012     bsp_debugtimer.o (.text.get_StartCount)
                  0000a348    00000012     libc.a : memcpy16.S.obj (.text:TI_memcpy_small)
                  0000a35a    00000012            : copy_decompress_none.c.obj (.text:decompress:none)
                  0000a36c    00000010     ti_msp_dl_config.o (.text.DL_SYSCTL_disableHFXT)
                  0000a37c    00000010     ti_msp_dl_config.o (.text.DL_SYSCTL_enableMFPCLK)
                  0000a38c    00000010     ti_msp_dl_config.o (.text.DL_SYSTICK_enable)
                  0000a39c    00000010     bsp_debugtimer.o (.text.DL_Timer_getTimerCount)
                  0000a3ac    00000010     driverlib.a : dl_timer.o (.text.DL_Timer_setCaptureCompareValue)
                  0000a3bc    00000010     bsp_debugtimer.o (.text.get_TickCount)
                  0000a3cc    00000010     libc.a : wcslen.c.obj (.text.wcslen)
                  0000a3dc    00000010            : copy_zero_init.c.obj (.text:decompress:ZI)
                  0000a3ec    0000000e     libclang_rt.builtins.a : aeabi_memset.S.obj (.text.__aeabi_memset)
                  0000a3fa    0000000e     bsp_iic.o (.text.mspm0_get_clock_ms)
                  0000a408    0000000e     libc.a : _printfi.c.obj (.text.strlen)
                  0000a416    0000000e            : strlen.c.obj (.text.strlen)
                  0000a424    0000000e            : memset16.S.obj (.text:TI_memset_small)
                  0000a432    00000002     --HOLE-- [fill = 0]
                  0000a434    0000000c     bsp_systick.o (.text.Systick_getTick)
                  0000a440    0000000c     libclang_rt.builtins.a : aeabi_memset.S.obj (.text.__aeabi_memclr)
                  0000a44c    0000000a     driverlib.a : dl_common.o (.text.DL_Common_delayCycles)
                  0000a456    0000000a     libc.a : _printfi.c.obj (.text.OUTLINED_FUNCTION_0)
                  0000a460    00000010     libclang_rt.builtins.a : adddf3.S.obj (.tramp.__aeabi_dsub.1)
                  0000a470    0000000a     libc.a : e_asin.c.obj (.text.OUTLINED_FUNCTION_0)
                  0000a47a    00000002     --HOLE-- [fill = 0]
                  0000a47c    00000010     libclang_rt.builtins.a : muldf3.S.obj (.tramp.__aeabi_dmul.1)
                  0000a48c    0000000a     libc.a : e_pow.c.obj (.text.OUTLINED_FUNCTION_0)
                  0000a496    0000000a            : s_atan.c.obj (.text.OUTLINED_FUNCTION_0)
                  0000a4a0    0000000a            : _printfi.c.obj (.text.OUTLINED_FUNCTION_1)
                  0000a4aa    0000000a            : e_asin.c.obj (.text.OUTLINED_FUNCTION_1)
                  0000a4b4    0000000a            : e_pow.c.obj (.text.OUTLINED_FUNCTION_1)
                  0000a4be    0000000a            : e_asin.c.obj (.text.OUTLINED_FUNCTION_3)
                  0000a4c8    00000010     libclang_rt.builtins.a : divdf3.S.obj (.tramp.__aeabi_ddiv.1)
                  0000a4d8    0000000a     libc.a : e_pow.c.obj (.text.OUTLINED_FUNCTION_6)
                  0000a4e2    0000000a            : vsprintf.c.obj (.text._outc)
                  0000a4ec    00000008            : s_round.c.obj (.text.OUTLINED_FUNCTION_0)
                  0000a4f4    00000010     libclang_rt.builtins.a : adddf3.S.obj (.tramp.__aeabi_dadd.1)
                  0000a504    00000008     libc.a : e_pow.c.obj (.text.OUTLINED_FUNCTION_2)
                  0000a50c    00000008            : s_atan.c.obj (.text.OUTLINED_FUNCTION_2)
                  0000a514    00000008            : aeabi_portable.c.obj (.text.__aeabi_errno_addr)
                  0000a51c    00000008     libclang_rt.builtins.a : aeabi_memcpy.S.obj (.text.__aeabi_memcpy)
                  0000a524    00000008     libc.a : printf.c.obj (.text._outc)
                  0000a52c    00000008            : printf.c.obj (.text._outs)
                  0000a534    00000008     inv_mpu.o (.text.myget_ms)
                  0000a53c    00000006     libc.a : s_atan.c.obj (.text.OUTLINED_FUNCTION_1)
                  0000a542    00000006            : e_asin.c.obj (.text.OUTLINED_FUNCTION_2)
                  0000a548    00000006            : e_pow.c.obj (.text.OUTLINED_FUNCTION_3)
                  0000a54e    00000006            : e_pow.c.obj (.text.OUTLINED_FUNCTION_4)
                  0000a554    00000006            : e_pow.c.obj (.text.OUTLINED_FUNCTION_5)
                  0000a55a    00000006            : exit.c.obj (.text:abort)
                  0000a560    00000004     startup_mspm0g350x_ticlang.o (.text.Default_Handler)
                  0000a564    00000004     libsysbm.a : hostexit.c.obj (.text.HOSTexit)
                  0000a568    00000004     libc.a : e_pow.c.obj (.text.OUTLINED_FUNCTION_10)
                  0000a56c    00000004            : e_asin.c.obj (.text.OUTLINED_FUNCTION_4)
                  0000a570    00000004            : e_pow.c.obj (.text.OUTLINED_FUNCTION_7)
                  0000a574    00000004            : e_pow.c.obj (.text.OUTLINED_FUNCTION_8)
                  0000a578    00000004            : e_pow.c.obj (.text.OUTLINED_FUNCTION_9)
                  0000a57c    00000004     startup_mspm0g350x_ticlang.o (.text.Reset_Handler)
                  0000a580    00000010     libc.a : boot_cortex_m.c.obj (.tramp._c_int00_noargs.1)
                  0000a590    00000004            : pre_init.c.obj (.text._system_pre_init)
                  0000a594    0000000c     --HOLE-- [fill = 0]

.cinit     0    0000c0a0    000000f0     
                  0000c0a0    000000ca     (.cinit..data.load) [load image, compression = lzss]
                  0000c16a    00000002     --HOLE-- [fill = 0]
                  0000c16c    0000000c     (__TI_handler_table)
                  0000c178    00000008     (.cinit..bss.load) [load image, compression = zero_init]
                  0000c180    00000010     (__TI_cinit_table)

.rodata    0    0000a5a0    00001b00     
                  0000a5a0    00000bf6     inv_mpu_dmp_motion_driver.o (.rodata.dmp_memory)
                  0000b196    000005f0     bsp_oled.o (.rodata.oled_asc2_1608)
                  0000b786    00000474     bsp_oled.o (.rodata.oled_asc2_1206)
                  0000bbfa    00000005     show.o (.rodata.str1.15776983441256719054.1)
                  0000bbff    00000001     --HOLE-- [fill = 0]
                  0000bc00    00000101     libc.a : aeabi_ctype.S.obj (.rodata:__aeabi_ctype_table_)
                  0000bd01    0000004e     inv_mpu.o (.rodata.str1.6385159555456066691.1)
                  0000bd4f    00000001     --HOLE-- [fill = 0]
                  0000bd50    00000040     libc.a : s_atan.c.obj (.rodata.cst32)
                  0000bd90    00000032     MPU6050.o (.rodata.str1.16791442971687560944.1)
                  0000bdc2    00000005     show.o (.rodata.str1.16148716825656617140.1)
                  0000bdc7    00000001     --HOLE-- [fill = 0]
                  0000bdc8    00000030     libc.a : e_pow.c.obj (.rodata.cst16)
                  0000bdf8    00000028     ti_msp_dl_config.o (.rodata.gSYSPLLConfig)
                  0000be20    00000028     inv_mpu.o (.rodata.test)
                  0000be48    00000026     MPU6050.o (.rodata.str1.1376669531958775783.1)
                  0000be6e    00000026     MPU6050.o (.rodata.str1.6861706840211822826.1)
                  0000be94    00000026     inv_mpu.o (.rodata.str1.9326010155561577916.1)
                  0000beba    00000025     MPU6050.o (.rodata.str1.2128865311737772108.1)
                  0000bedf    00000025     MPU6050.o (.rodata.str1.3927018367784713858.1)
                  0000bf04    00000024     MPU6050.o (.rodata.str1.18150683617961929514.1)
                  0000bf28    00000024     MPU6050.o (.rodata.str1.8576940608373352688.1)
                  0000bf4c    00000021     MPU6050.o (.rodata.str1.11573768979208550832.1)
                  0000bf6d    0000001f     inv_mpu.o (.rodata.str1.12529722238060830964.1)
                  0000bf8c    0000001f     bluetooth.o (.rodata.str1.17966125886390595526.1)
                  0000bfab    0000001b     inv_mpu.o (.rodata.reg)
                  0000bfc6    00000002     ti_msp_dl_config.o (.rodata.gI2C_0ClockConfig)
                  0000bfc8    00000018     ti_msp_dl_config.o (.rodata.gDMA_CH0Config)
                  0000bfe0    00000014     ti_msp_dl_config.o (.rodata.gDebugTimerTimerConfig)
                  0000bff4    00000014     ti_msp_dl_config.o (.rodata.gTIMER_0TimerConfig)
                  0000c008    00000011     libc.a : _printfi.c.obj (.rodata.str1.10348868589481759720.1)
                  0000c019    00000011            : _printfi.c.obj (.rodata.str1.15363888844622738466.1)
                  0000c02a    0000000c     inv_mpu.o (.rodata.hw)
                  0000c036    0000000c     empty.o (.rodata.str1.9517790425240694019.1)
                  0000c042    0000000a     ti_msp_dl_config.o (.rodata.gUART_0Config)
                  0000c04c    0000000a     ti_msp_dl_config.o (.rodata.gUART_1Config)
                  0000c056    00000002     ti_msp_dl_config.o (.rodata.gUART_0ClockConfig)
                  0000c058    00000008     ti_msp_dl_config.o (.rodata.gADC12_0ClockConfig)
                  0000c060    00000008     ti_msp_dl_config.o (.rodata.gPWM_0Config)
                  0000c068    00000007     show.o (.rodata.str1.11473421897628767084.1)
                  0000c06f    00000007     show.o (.rodata.str1.17101955116209303648.1)
                  0000c076    00000004     show.o (.rodata.str1.13873531220773554232.1)
                  0000c07a    00000004     show.o (.rodata.str1.7159470097358760213.1)
                  0000c07e    00000003     ti_msp_dl_config.o (.rodata.gDebugTimerClockConfig)
                  0000c081    00000003     ti_msp_dl_config.o (.rodata.gPWM_0ClockConfig)
                  0000c084    00000003     ti_msp_dl_config.o (.rodata.gTIMER_0ClockConfig)
                  0000c087    00000002     ti_msp_dl_config.o (.rodata.gUART_1ClockConfig)
                  0000c089    00000002     show.o (.rodata.str1.1133323674632628717.1)
                  0000c08b    00000002     show.o (.rodata.str1.1541185093343699100.1)
                  0000c08d    00000002     show.o (.rodata.str1.7169291093656254901.1)
                  0000c08f    00000002     show.o (.rodata.str1.8325091892381843562.1)
                  0000c091    00000002     show.o (.rodata.str1.8780869064500742050.1)
                  0000c093    0000000d     --HOLE-- [fill = 0]

.init_array 
*          0    00000000    00000000     UNINITIALIZED

.binit     0    00000000    00000000     

.bss       0    20200000    000007a1     UNINITIALIZED
                  20200000    00000400     (.common:OLED_GRAM)
                  20200400    00000100     (.common:Ux_TxBuff)
                  20200500    000000c8     (.common:gBTPacket)
                  202005c8    000000bc     (.common:gPWM_0Backup)
                  20200684    00000078     (.common:gDebugTimerBackup)
                  202006fc    00000032     bluetooth.o (.bss.bt_control.Receive)
                  2020072e    0000000e     (.common:buffer)
                  2020073c    0000000c     bsp_oled.o (.bss.FenJie_float.tmp)
                  20200748    00000006     (.common:accel)
                  2020074e    00000006     (.common:gyro)
                  20200754    00000004     balance.o (.bss.Turn.Turn_Target)
                  20200758    00000004     balance.o (.bss.Turn.turn)
                  2020075c    00000004     balance.o (.bss.Velocity.Encoder_Integral)
                  20200760    00000004     balance.o (.bss.Velocity.Encoder_Least)
                  20200764    00000004     balance.o (.bss.Velocity.Encoder_bias)
                  20200768    00000004     balance.o (.bss.Velocity.Movement)
                  2020076c    00000004     balance.o (.bss.Velocity.velocity)
                  20200770    00000004     bluetooth.o (.bss.bt_control.Data)
                  20200774    00000004     bsp_oled.o (.bss.oled_showfloat.p)
                  20200778    00000004     (.common:Motor_Left)
                  2020077c    00000004     (.common:Motor_Right)
                  20200780    00000004     (.common:Pitch)
                  20200784    00000004     (.common:Roll)
                  20200788    00000004     (.common:Velocity_Left)
                  2020078c    00000004     (.common:Velocity_Right)
                  20200790    00000004     (.common:Yaw)
                  20200794    00000002     bsp_key.o (.bss.key_scan.long_press_time)
                  20200796    00000002     bsp_key.o (.bss.key_scan.time_core)
                  20200798    00000002     (.common:sensors)
                  2020079a    00000001     bluetooth.o (.bss.bt_control.Flag_PID)
                  2020079b    00000001     bluetooth.o (.bss.bt_control.i)
                  2020079c    00000001     bluetooth.o (.bss.bt_control.j)
                  2020079d    00000001     (.common:Flag_Left)
                  2020079e    00000001     (.common:Flag_Right)
                  2020079f    00000001     (.common:Flag_back)
                  202007a0    00000001     (.common:Flag_front)

.data      0    202007a4    00000235     UNINITIALIZED
                  202007a4    000000f0     libc.a : defs.c.obj (.data._ftable)
                  20200894    0000002c     inv_mpu.o (.data.st)
                  202008c0    00000024     MPU6050.o (.data.mpu6050)
                  202008e4    0000001c     bsp_oled.o (.data.UserOLED)
                  20200900    00000018     bsp_iic.o (.data.User_sIICDev)
                  20200918    00000010     inv_mpu_dmp_motion_driver.o (.data.dmp)
                  20200928    00000010     empty.o (.data.mainFreqPriv)
                  20200938    00000010     empty.o (.data.mainUseTimePriv)
                  20200948    0000000c     bsp_debugtimer.o (.data.RTOSTaskDebug)
                  20200954    00000009     MPU6050.o (.data.gyro_orientation)
                  2020095d    00000001     bluetooth.o (.data.BTBufferHandler.handleSize)
                  2020095e    00000002     balance.o (.data.Get_Vol.adcVal)
                  20200960    00000004     balance.o (.data.BalanceControlTask.Balance_Pwm)
                  20200964    00000004     balance.o (.data.BalanceControlTask.Turn_Pwm)
                  20200968    00000004     balance.o (.data.BalanceControlTask.Velocity_Pwm)
                  2020096c    00000004     balance.o (.data.Balance_Kd)
                  20200970    00000004     balance.o (.data.Balance_Kp)
                  20200974    00000004     balance.o (.data.Turn.Turn_Amplitude)
                  20200978    00000004     balance.o (.data.Turn_Kd)
                  2020097c    00000004     balance.o (.data.Turn_Kp)
                  20200980    00000004     bsp_key.o (.data.UserKey)
                  20200984    00000004     balance.o (.data.Velocity.Target_Velocity)
                  20200988    00000004     balance.o (.data.Velocity_Ki)
                  2020098c    00000004     balance.o (.data.Velocity_Kp)
                  20200990    00000004     libc.a : aeabi_portable.c.obj (.data.__aeabi_errno)
                  20200994    00000004            : _lock.c.obj (.data._lock)
                  20200998    00000004            : _lock.c.obj (.data._unlock)
                  2020099c    00000004     bluetooth.o (.data.bt_control.uart_receive)
                  202009a0    00000004     empty.o (.data.mainTaskFreqCheck)
                  202009a4    00000004     empty.o (.data.mainTaskUseTime)
                  202009a8    00000004     show.o (.data.oled)
                  202009ac    00000004     MPU6050.o (.data.q0)
                  202009b0    00000004     MPU6050.o (.data.q1)
                  202009b4    00000004     MPU6050.o (.data.q2)
                  202009b8    00000004     MPU6050.o (.data.q3)
                  202009bc    00000004     balance.o (.data.robotVol)
                  202009c0    00000004     MPU6050.o (.data.siic)
                  202009c4    00000004     inv_mpu.o (.data.siic)
                  202009c8    00000002     balance.o (.data.MiddleAngle)
                  202009ca    00000002     empty.o (.data.g_EncoderACount)
                  202009cc    00000002     empty.o (.data.g_EncoderBCount)
                  202009ce    00000001     bluetooth.o (.data.BTBufferHandler.handleflag)
                  202009cf    00000001     bluetooth.o (.data.BTBufferHandler.lastSize)
                  202009d0    00000001     balance.o (.data.BalanceControlTask.controlFlag)
                  202009d1    00000001     balance.o (.data.Flag_Stop)
                  202009d2    00000001     balance.o (.data.Flag_velocity)
                  202009d3    00000001     balance.o (.data.Get_Vol.startflag)
                  202009d4    00000001     bluetooth.o (.data.PID_Send)
                  202009d5    00000001     balance.o (.data.getVolFlag)
                  202009d6    00000001     bsp_key.o (.data.key_scan.check_once)
                  202009d7    00000001     bsp_key.o (.data.key_scan.press_flag)
                  202009d8    00000001     empty.o (.data.mainTaskFreq)

.stack     0    20207e00    00000200     UNINITIALIZED
                  20207e00    00000004     libc.a : boot_cortex_m.c.obj (.stack)
                  20207e04    000001fc     --HOLE--

__llvm_prf_cnts 
*          0    20200000    00000000     UNINITIALIZED

__llvm_prf_bits 
*          0    20200000    00000000     UNINITIALIZED

MODULE SUMMARY

       Module                         code    ro data   rw data
       ------                         ----    -------   -------
    .\
       ti_msp_dl_config.o             3172    155       308    
       empty.o                        998     12        45     
       startup_mspm0g350x_ticlang.o   8       192       0      
    +--+------------------------------+-------+---------+---------+
       Total:                         4178    359       353    
                                                               
    .\BSP\
       bsp_oled.o                     2122    2660      1068   
       bsp_iic.o                      1586    0         24     
       bsp_printf.o                   268     0         256    
       bsp_key.o                      442     0         10     
       bsp_debugtimer.o               306     0         12     
       bsp_systick.o                  192     0         0      
    +--+------------------------------+-------+---------+---------+
       Total:                         4916    2660      1370   
                                                               
    .\BSP\MPU6050\
       MPU6050.o                      2002    305       105    
    +--+------------------------------+-------+---------+---------+
       Total:                         2002    305       105    
                                                               
    .\BSP\MPU6050\DMP\
       inv_mpu.o                      7704    226       48     
       inv_mpu_dmp_motion_driver.o    3646    3062      16     
    +--+------------------------------+-------+---------+---------+
       Total:                         11350   3288      64     
                                                               
    .\WHEELTEC_APP\
       balance.o                      1958    0         105    
       bluetooth.o                    1428    31        265    
       show.o                         672     42        4      
    +--+------------------------------+-------+---------+---------+
       Total:                         4058    73        374    
                                                               
    D:/ti/mspm0_sdk_2_01_00_03/source/ti/driverlib/lib/ticlang/m0p/mspm0g1x0x_g3x0x/driverlib.a
       dl_timer.o                     652     0         0      
       dl_sysctl_mspm0g1x0x_g3x0x.o   288     0         0      
       dl_i2c.o                       192     0         0      
       dl_uart.o                      122     0         0      
       dl_dma.o                       76      0         0      
       dl_adc12.o                     64      0         0      
       dl_common.o                    10      0         0      
    +--+------------------------------+-------+---------+---------+
       Total:                         1404    0         0      
                                                               
    D:\ti\ccs2020\ccs\tools\compiler\ti-cgt-armllvm_4.0.3.LTS\lib\armv6m-ti-none-eabi/c/libc.a
       _printfi.c.obj                 4510    34        0      
       e_pow.c.obj                    2704    48        0      
       e_asin.c.obj                   908     0         0      
       s_atan.c.obj                   784     64        0      
       e_atan2.c.obj                  392     0         0      
       e_sqrt.c.obj                   368     0         0      
       s_floor.c.obj                  324     0         0      
       aeabi_ctype.S.obj              0       257       0      
       defs.c.obj                     0       0         240    
       s_scalbn.c.obj                 216     0         0      
       s_round.c.obj                  176     0         0      
       copy_decompress_lzss.c.obj     124     0         0      
       printf.c.obj                   108     0         0      
       s_frexp.c.obj                  92      0         0      
       _ltoa.c.obj                    88      0         0      
       vsprintf.c.obj                 78      0         0      
       atoi.c.obj                     64      0         0      
       autoinit.c.obj                 60      0         0      
       boot_cortex_m.c.obj            56      0         0      
       memccpy.c.obj                  34      0         0      
       memcmp.c.obj                   32      0         0      
       copy_decompress_none.c.obj     18      0         0      
       memcpy16.S.obj                 18      0         0      
       copy_zero_init.c.obj           16      0         0      
       wcslen.c.obj                   16      0         0      
       memset16.S.obj                 14      0         0      
       strlen.c.obj                   14      0         0      
       aeabi_portable.c.obj           8       0         4      
       _lock.c.obj                    2       0         8      
       exit.c.obj                     6       0         0      
       pre_init.c.obj                 4       0         0      
    +--+------------------------------+-------+---------+---------+
       Total:                         11234   403       252    
                                                               
    D:\ti\ccs2020\ccs\tools\compiler\ti-cgt-armllvm_4.0.3.LTS\lib\armv6m-ti-none-eabi/c/libsysbm.a
       hostexit.c.obj                 4       0         0      
    +--+------------------------------+-------+---------+---------+
       Total:                         4       0         0      
                                                               
    D:\ti\ccs2020\ccs\tools\compiler\ti-cgt-armllvm_4.0.3.LTS\lib\armv6m-ti-none-eabi/libclang_rt.builtins.a
       adddf3.S.obj                   434     0         0      
       divdf3.S.obj                   284     0         0      
       muldf3.S.obj                   244     0         0      
       comparedf2.c.obj               220     0         0      
       addsf3.S.obj                   216     0         0      
       udivmoddi4.S.obj               162     0         0      
       mulsf3.S.obj                   140     0         0      
       divsf3.S.obj                   130     0         0      
       comparesf2.S.obj               118     0         0      
       truncdfsf2.S.obj               116     0         0      
       aeabi_dcmp.S.obj               98      0         0      
       aeabi_fcmp.S.obj               98      0         0      
       aeabi_idivmod.S.obj            86      0         0      
       fixdfsi.S.obj                  74      0         0      
       aeabi_uidivmod.S.obj           64      0         0      
       extendsfdf2.S.obj              64      0         0      
       divmoddi4.c.obj                62      0         0      
       floatsisf.S.obj                60      0         0      
       muldsi3.S.obj                  58      0         0      
       fixsfsi.S.obj                  56      0         0      
       floatsidf.S.obj                44      0         0      
       floatunsisf.S.obj              40      0         0      
       muldi3.S.obj                   36      0         0      
       ashldi3.S.obj                  30      0         0      
       aeabi_memset.S.obj             26      0         0      
       aeabi_ldivmod.S.obj            20      0         0      
       aeabi_uldivmod.S.obj           20      0         0      
       aeabi_memcpy.S.obj             8       0         0      
       aeabi_div0.c.obj               4       0         0      
    +--+------------------------------+-------+---------+---------+
       Total:                         3012    0         0      
                                                               
       Stack:                         0       0         512    
       Linker Generated:              0       238       0      
    +--+------------------------------+-------+---------+---------+
       Grand Total:                   42158   7326      3030   


LINKER GENERATED COPY TABLES

__TI_cinit_table @ 0000c180 records: 2, size/record: 8, table size: 16
	.data: load addr=0000c0a0, load size=000000ca bytes, run addr=202007a4, run size=00000235 bytes, compression=lzss
	.bss: load addr=0000c178, load size=00000008 bytes, run addr=20200000, run size=000007a1 bytes, compression=zero_init


LINKER GENERATED HANDLER TABLE

__TI_handler_table @ 0000c16c records: 3, size/record: 4, table size: 12
	index: 0, handler: __TI_decompress_lzss
	index: 1, handler: __TI_decompress_none
	index: 2, handler: __TI_zero_init


FAR CALL TRAMPOLINES

callee name               trampoline name
   callee addr  tramp addr   call addr  call info
--------------  -----------  ---------  ----------------
__aeabi_dsub              $Tramp$TT$L$PI$$__aeabi_dsub
   00004135     0000a460     0000a45e   libc.a : _printfi.c.obj (.text.OUTLINED_FUNCTION_0)
                             0000a50a          : e_pow.c.obj (.text.OUTLINED_FUNCTION_2)
__aeabi_dmul              $Tramp$TT$L$PI$$__aeabi_dmul
   00006065     0000a47c     0000a478   libc.a : e_asin.c.obj (.text.OUTLINED_FUNCTION_0)
                             0000a494          : e_pow.c.obj (.text.OUTLINED_FUNCTION_0)
                             0000a49e          : s_atan.c.obj (.text.OUTLINED_FUNCTION_0)
                             0000a4b2          : e_asin.c.obj (.text.OUTLINED_FUNCTION_1)
                             0000a4bc          : e_pow.c.obj (.text.OUTLINED_FUNCTION_1)
                             0000a4e0          : e_pow.c.obj (.text.OUTLINED_FUNCTION_6)
                             0000a512          : s_atan.c.obj (.text.OUTLINED_FUNCTION_2)
                             0000a546          : e_asin.c.obj (.text.OUTLINED_FUNCTION_2)
                             0000a552          : e_pow.c.obj (.text.OUTLINED_FUNCTION_4)
                             0000a558          : e_pow.c.obj (.text.OUTLINED_FUNCTION_5)
                             0000a576          : e_pow.c.obj (.text.OUTLINED_FUNCTION_8)
__aeabi_ddiv              $Tramp$TT$L$PI$$__aeabi_ddiv
   0000589d     0000a4c8     0000a4c6   libc.a : e_asin.c.obj (.text.OUTLINED_FUNCTION_3)
__aeabi_dadd              $Tramp$TT$L$PI$$__aeabi_dadd
   0000413f     0000a4f4     0000a4f2   libc.a : s_round.c.obj (.text.OUTLINED_FUNCTION_0)
                             0000a540          : s_atan.c.obj (.text.OUTLINED_FUNCTION_1)
                             0000a54c          : e_pow.c.obj (.text.OUTLINED_FUNCTION_3)
                             0000a56a          : e_pow.c.obj (.text.OUTLINED_FUNCTION_10)
                             0000a56e          : e_asin.c.obj (.text.OUTLINED_FUNCTION_4)
                             0000a572          : e_pow.c.obj (.text.OUTLINED_FUNCTION_7)
                             0000a57a          : e_pow.c.obj (.text.OUTLINED_FUNCTION_9)
_c_int00_noargs           $Tramp$TT$L$PI$$_c_int00_noargs
   00009755     0000a580     0000a57c   startup_mspm0g350x_ticlang.o (.text.Reset_Handler)

[5 trampolines]
[22 trampoline calls]


GLOBAL SYMBOLS: SORTED ALPHABETICALLY BY Name 

address   name                                 
-------   ----                                 
0000a561  ADC0_IRQHandler                      
00009815  ADC1_IRQHandler                      
0000a561  AES_IRQHandler                       
000048c1  BTBufferHandler                      
00008b49  BT_DAMConfig                         
00003c55  BalanceControlTask                   
2020096c  Balance_Kd                           
20200970  Balance_Kp                           
0000a564  C$$EXIT                              
0000a561  CANFD0_IRQHandler                    
0000a561  DAC0_IRQHandler                      
00008dc1  DL_ADC12_setClockConfig              
0000a44d  DL_Common_delayCycles                
000089cd  DL_DMA_initChannel                   
0000850d  DL_I2C_fillControllerTXFIFO          
00008ff5  DL_I2C_flushControllerTXFIFO         
000097ef  DL_I2C_setClockConfig                
0000622d  DL_SYSCTL_configSYSPLL               
00008cb1  DL_SYSCTL_switchMCLKfromSYSOSCtoHSCLK
000079e5  DL_TimerA_initPWMMode                
000068dd  DL_Timer_initPWMMode                 
00005f7d  DL_Timer_initTimerMode               
00009c49  DL_Timer_setCaptCompUpdateMethod     
00009ff9  DL_Timer_setCaptureCompareOutCtl     
0000a3ad  DL_Timer_setCaptureCompareValue      
00009c65  DL_Timer_setClockConfig              
00008b91  DL_UART_init                         
0000a325  DL_UART_setClockConfig               
0000996d  DL_UART_transmitDataBlocking         
0000a561  DMA_IRQHandler                       
00004ba1  DMP_Init                             
0000a561  Default_Handler                      
2020079d  Flag_Left                            
2020079e  Flag_Right                           
202009d1  Flag_Stop                            
2020079f  Flag_back                            
202007a0  Flag_front                           
202009d2  Flag_velocity                        
0000a561  GROUP0_IRQHandler                    
0000308d  GROUP1_IRQHandler                    
0000a565  HOSTexit                             
0000a561  HardFault_Handler                    
0000a561  I2C0_IRQHandler                      
0000a561  I2C1_IRQHandler                      
00009031  IICreadBytes                         
000077d9  IICwriteBit                          
00006ca9  IICwriteBits                         
0000998d  MPU6050_getDeviceID                  
00008e01  MPU6050_initialize                   
00009a29  MPU6050_setClockSource               
00009a47  MPU6050_setFullScaleAccelRange       
00009a65  MPU6050_setFullScaleGyroRange        
00009cf1  MPU6050_setI2CBypassEnabled          
00009d0b  MPU6050_setI2CMasterModeEnabled      
00009d25  MPU6050_setSleepEnabled              
202009c8  MiddleAngle                          
20200778  Motor_Left                           
2020077c  Motor_Right                          
0000a561  NMI_Handler                          
20200000  OLED_GRAM                            
202009d4  PID_Send                             
0000a561  PendSV_Handler                       
20200780  Pitch                                
0000a561  RTC_IRQHandler                       
20200948  RTOSTaskDebug                        
000027dd  Read_DMP                             
0000a57d  Reset_Handler                        
20200784  Roll                                 
0000a561  SPI0_IRQHandler                      
0000a561  SPI1_IRQHandler                      
0000a561  SVC_Handler                          
0000832d  SYSCFG_DL_ADC12_0_init               
0000a089  SYSCFG_DL_DMA_CH0_init               
00007dc9  SYSCFG_DL_DMA_init                   
0000950d  SYSCFG_DL_DebugTimer_init            
00003f99  SYSCFG_DL_GPIO_init                  
0000867d  SYSCFG_DL_I2C_0_init                 
00007a65  SYSCFG_DL_PWM_0_init                 
000087dd  SYSCFG_DL_SYSCTL_init                
0000a2b1  SYSCFG_DL_SYSTICK_init               
000092ed  SYSCFG_DL_TIMER_0_init               
00008bd9  SYSCFG_DL_UART_0_init                
00008831  SYSCFG_DL_UART_1_init                
00008a65  SYSCFG_DL_init                       
00006e19  SYSCFG_DL_initPower                  
0000a561  SysTick_Handler                      
0000a435  Systick_getTick                      
0000a561  TIMA0_IRQHandler                     
0000a561  TIMA1_IRQHandler                     
0000a561  TIMG0_IRQHandler                     
0000a561  TIMG12_IRQHandler                    
0000a561  TIMG6_IRQHandler                     
0000a561  TIMG7_IRQHandler                     
0000a561  TIMG8_IRQHandler                     
0000a349  TI_memcpy_small                      
0000a425  TI_memset_small                      
20200978  Turn_Kd                              
2020097c  Turn_Kp                              
00009539  UART0_IRQHandler                     
0000a561  UART1_IRQHandler                     
0000a561  UART2_IRQHandler                     
0000a561  UART3_IRQHandler                     
20200980  UserKey                              
202008e4  UserOLED                             
20200900  User_sIICDev                         
20200400  Ux_TxBuff                            
20200988  Velocity_Ki                          
2020098c  Velocity_Kp                          
20200788  Velocity_Left                        
2020078c  Velocity_Right                       
20200790  Yaw                                  
20208000  __STACK_END                          
00000200  __STACK_SIZE                         
00000000  __TI_ATRegion0_region_sz             
00000000  __TI_ATRegion0_src_addr              
00000000  __TI_ATRegion0_trg_addr              
00000000  __TI_ATRegion1_region_sz             
00000000  __TI_ATRegion1_src_addr              
00000000  __TI_ATRegion1_trg_addr              
00000000  __TI_ATRegion2_region_sz             
00000000  __TI_ATRegion2_src_addr              
00000000  __TI_ATRegion2_trg_addr              
0000c180  __TI_CINIT_Base                      
0000c190  __TI_CINIT_Limit                     
0000c190  __TI_CINIT_Warm                      
0000c16c  __TI_Handler_Table_Base              
0000c178  __TI_Handler_Table_Limit             
00009199  __TI_auto_init_nobinit_nopinit       
00007c5d  __TI_decompress_lzss                 
0000a35b  __TI_decompress_none                 
000086d5  __TI_ltoa                            
ffffffff  __TI_pprof_out_hndl                  
00000b09  __TI_printfi                         
ffffffff  __TI_prof_data_size                  
ffffffff  __TI_prof_data_start                 
00000000  __TI_static_base__                   
0000a3dd  __TI_zero_init                       
0000413f  __adddf3                             
000065a3  __addsf3                             
0000bc00  __aeabi_ctype_table_                 
0000bc00  __aeabi_ctype_table_C                
00007dd1  __aeabi_d2f                          
00008afd  __aeabi_d2iz                         
0000413f  __aeabi_dadd                         
000081a5  __aeabi_dcmpeq                       
000081e1  __aeabi_dcmpge                       
000081f5  __aeabi_dcmpgt                       
000081cd  __aeabi_dcmple                       
000081b9  __aeabi_dcmplt                       
0000589d  __aeabi_ddiv                         
00006065  __aeabi_dmul                         
00004135  __aeabi_dsub                         
20200990  __aeabi_errno                        
0000a515  __aeabi_errno_addr                   
00008e81  __aeabi_f2d                          
0000924d  __aeabi_f2iz                         
000065a3  __aeabi_fadd                         
00008209  __aeabi_fcmpeq                       
00008245  __aeabi_fcmpge                       
00008259  __aeabi_fcmpgt                       
00008231  __aeabi_fcmple                       
0000821d  __aeabi_fcmplt                       
000078e1  __aeabi_fdiv                         
00007639  __aeabi_fmul                         
00006599  __aeabi_fsub                         
00009591  __aeabi_i2d                          
0000906d  __aeabi_i2f                          
00008785  __aeabi_idiv                         
000042c7  __aeabi_idiv0                        
00008785  __aeabi_idivmod                      
0000721b  __aeabi_ldiv0                        
0000a2c5  __aeabi_ldivmod                      
00009a85  __aeabi_llsl                         
00009881  __aeabi_lmul                         
0000a441  __aeabi_memclr                       
0000a441  __aeabi_memclr4                      
0000a441  __aeabi_memclr8                      
0000a51d  __aeabi_memcpy                       
0000a51d  __aeabi_memcpy4                      
0000a51d  __aeabi_memcpy8                      
0000a3ed  __aeabi_memset                       
0000a3ed  __aeabi_memset4                      
0000a3ed  __aeabi_memset8                      
0000972d  __aeabi_ui2f                         
00008e41  __aeabi_uidiv                        
00008e41  __aeabi_uidivmod                     
0000a2d9  __aeabi_uldivmod                     
00009a85  __ashldi3                            
ffffffff  __binit__                            
00008009  __cmpdf2                             
000091d5  __cmpsf2                             
0000589d  __divdf3                             
00008f01  __divmoddi4                          
000078e1  __divsf3                             
00008009  __eqdf2                              
000091d5  __eqsf2                              
00008e81  __extendsfdf2                        
00008afd  __fixdfsi                            
0000924d  __fixsfsi                            
00009591  __floatsidf                          
0000906d  __floatsisf                          
0000972d  __floatunsisf                        
00007d55  __gedf2                              
000090a9  __gesf2                              
00007d55  __gtdf2                              
000090a9  __gtsf2                              
00008009  __ledf2                              
000091d5  __lesf2                              
00008009  __ltdf2                              
000091d5  __ltsf2                              
UNDEFED   __mpu_init                           
00006065  __muldf3                             
00009881  __muldi3                             
00009211  __muldsi3                            
00007639  __mulsf3                             
00008009  __nedf2                              
000091d5  __nesf2                              
20207e00  __stack                              
20200000  __start___llvm_prf_bits              
20200000  __start___llvm_prf_cnts              
20200000  __stop___llvm_prf_bits               
20200000  __stop___llvm_prf_cnts               
00004135  __subdf3                             
00006599  __subsf3                             
00007dd1  __truncdfsf2                         
00007179  __udivmoddi4                         
00009755  _c_int00_noargs                      
202007a4  _ftable                              
20200994  _lock                                
00007487  _nop                                 
UNDEFED   _system_post_cinit                   
0000a591  _system_pre_init                     
20200998  _unlock                              
0000a55b  abort                                
20200748  accel                                
00008071  any_printf                           
0000197d  asin                                 
0000197d  asinl                                
00001ce1  atan                                 
000042c9  atan2                                
000042c9  atan2l                               
00001ce1  atanl                                
00008ec1  atoi                                 
ffffffff  binit                                
00001fd9  bt_control                           
2020072e  buffer                               
000098a5  delay_ms                             
00007519  delay_us                             
00008c21  dmp_enable_6x_lp_quat                
00002565  dmp_enable_feature                   
0000838d  dmp_enable_gyro_cal                  
00008c69  dmp_enable_lp_quat                   
00009cb9  dmp_load_motion_driver_firmware      
000036c5  dmp_read_fifo                        
000059a9  dmp_set_accel_bias                   
00007359  dmp_set_fifo_rate                    
00004f85  dmp_set_gyro_bias                    
000045d5  dmp_set_orientation                  
00008cf5  dmp_set_shake_reject_thresh          
00009387  dmp_set_shake_reject_time            
000093b9  dmp_set_shake_reject_timeout         
0000813f  dmp_set_tap_axes                     
00008d39  dmp_set_tap_count                    
00002a15  dmp_set_tap_thresh                   
0000947d  dmp_set_tap_time                     
000094ad  dmp_set_tap_time_multi               
00004d05  floor                                
00004d05  floorl                               
000095bd  fputc                                
000083ed  fputs                                
0000856d  frexp                                
0000856d  frexpl                               
20200500  gBTPacket                            
20200684  gDebugTimerBackup                    
202005c8  gPWM_0Backup                         
202009ca  g_EncoderACount                      
202009cc  g_EncoderBCount                      
202009d5  getVolFlag                           
2020074e  gyro                                 
0000c02a  hw                                   
000090e5  i2cRead                              
00000000  interruptVectors                     
000064c1  ldexp                                
000064c1  ldexpl                               
000069a1  main                                 
20200928  mainFreqPriv                         
202009d8  mainTaskFreq                         
202009a0  mainTaskFreqCheck                    
202009a4  mainTaskUseTime                      
20200938  mainUseTimePriv                      
000098c9  memccpy                              
000099cd  memcmp                               
202008c0  mpu6050                              
0000844d  mpu6050_i2c_sda_unlock               
00006bed  mpu_configure_fifo                   
00007e45  mpu_get_accel_fsr                    
00007ae5  mpu_get_accel_sens                   
0000a0b9  mpu_get_fifo_config                  
000084ad  mpu_get_gyro_fsr                     
00007f99  mpu_get_gyro_sens                    
00007be1  mpu_get_lpf                          
00009321  mpu_get_sample_rate                  
000032a1  mpu_init                             
0000531d  mpu_load_firmware                    
0000578d  mpu_lp_accel_mode                    
00005ab1  mpu_read_fifo_stream                 
00006f79  mpu_read_mem                         
00002e6d  mpu_reset_fifo                       
0000474d  mpu_run_self_test                    
00006149  mpu_set_accel_fsr                    
00003df9  mpu_set_bypass                       
00006d61  mpu_set_dmp_state                    
00006a65  mpu_set_gyro_fsr                     
000072bd  mpu_set_int_latched                  
00006745  mpu_set_lpf                          
00005e91  mpu_set_sample_rate                  
000051ed  mpu_set_sensors                      
00007025  mpu_write_mem                        
0000a3fb  mspm0_get_clock_ms                   
00005561  mspm0_i2c_read                       
00006b29  mspm0_i2c_write                      
00009cd5  mydelay_ms                           
0000a535  myget_ms                             
00009121  myi2cRead                            
0000915d  myi2cWrite                           
0000b786  oled_asc2_1206                       
0000b196  oled_asc2_1608                       
000022c5  oled_show                            
000000c1  pow                                  
000000c1  powl                                 
000085c9  printf                               
202009ac  q0                                   
202009b0  q1                                   
202009b4  q2                                   
202009b8  q3                                   
0000bfab  reg                                  
202009bc  robotVol                             
000070d1  round                                
000070d1  roundl                               
000064c1  scalbn                               
000064c1  scalbnl                              
20200798  sensors                              
00006671  set_int_enable                       
00004a31  sqrt                                 
00004a31  sqrtl                                
0000a417  strlen                               
0000be20  test                                 
000095e9  vsprintf                             
0000a3cd  wcslen                               


GLOBAL SYMBOLS: SORTED BY Symbol Address 

address   name                                 
-------   ----                                 
00000000  __TI_ATRegion0_region_sz             
00000000  __TI_ATRegion0_src_addr              
00000000  __TI_ATRegion0_trg_addr              
00000000  __TI_ATRegion1_region_sz             
00000000  __TI_ATRegion1_src_addr              
00000000  __TI_ATRegion1_trg_addr              
00000000  __TI_ATRegion2_region_sz             
00000000  __TI_ATRegion2_src_addr              
00000000  __TI_ATRegion2_trg_addr              
00000000  __TI_static_base__                   
00000000  interruptVectors                     
000000c1  pow                                  
000000c1  powl                                 
00000200  __STACK_SIZE                         
00000b09  __TI_printfi                         
0000197d  asin                                 
0000197d  asinl                                
00001ce1  atan                                 
00001ce1  atanl                                
00001fd9  bt_control                           
000022c5  oled_show                            
00002565  dmp_enable_feature                   
000027dd  Read_DMP                             
00002a15  dmp_set_tap_thresh                   
00002e6d  mpu_reset_fifo                       
0000308d  GROUP1_IRQHandler                    
000032a1  mpu_init                             
000036c5  dmp_read_fifo                        
00003c55  BalanceControlTask                   
00003df9  mpu_set_bypass                       
00003f99  SYSCFG_DL_GPIO_init                  
00004135  __aeabi_dsub                         
00004135  __subdf3                             
0000413f  __adddf3                             
0000413f  __aeabi_dadd                         
000042c7  __aeabi_idiv0                        
000042c9  atan2                                
000042c9  atan2l                               
000045d5  dmp_set_orientation                  
0000474d  mpu_run_self_test                    
000048c1  BTBufferHandler                      
00004a31  sqrt                                 
00004a31  sqrtl                                
00004ba1  DMP_Init                             
00004d05  floor                                
00004d05  floorl                               
00004f85  dmp_set_gyro_bias                    
000051ed  mpu_set_sensors                      
0000531d  mpu_load_firmware                    
00005561  mspm0_i2c_read                       
0000578d  mpu_lp_accel_mode                    
0000589d  __aeabi_ddiv                         
0000589d  __divdf3                             
000059a9  dmp_set_accel_bias                   
00005ab1  mpu_read_fifo_stream                 
00005e91  mpu_set_sample_rate                  
00005f7d  DL_Timer_initTimerMode               
00006065  __aeabi_dmul                         
00006065  __muldf3                             
00006149  mpu_set_accel_fsr                    
0000622d  DL_SYSCTL_configSYSPLL               
000064c1  ldexp                                
000064c1  ldexpl                               
000064c1  scalbn                               
000064c1  scalbnl                              
00006599  __aeabi_fsub                         
00006599  __subsf3                             
000065a3  __addsf3                             
000065a3  __aeabi_fadd                         
00006671  set_int_enable                       
00006745  mpu_set_lpf                          
000068dd  DL_Timer_initPWMMode                 
000069a1  main                                 
00006a65  mpu_set_gyro_fsr                     
00006b29  mspm0_i2c_write                      
00006bed  mpu_configure_fifo                   
00006ca9  IICwriteBits                         
00006d61  mpu_set_dmp_state                    
00006e19  SYSCFG_DL_initPower                  
00006f79  mpu_read_mem                         
00007025  mpu_write_mem                        
000070d1  round                                
000070d1  roundl                               
00007179  __udivmoddi4                         
0000721b  __aeabi_ldiv0                        
000072bd  mpu_set_int_latched                  
00007359  dmp_set_fifo_rate                    
00007487  _nop                                 
00007519  delay_us                             
00007639  __aeabi_fmul                         
00007639  __mulsf3                             
000077d9  IICwriteBit                          
000078e1  __aeabi_fdiv                         
000078e1  __divsf3                             
000079e5  DL_TimerA_initPWMMode                
00007a65  SYSCFG_DL_PWM_0_init                 
00007ae5  mpu_get_accel_sens                   
00007be1  mpu_get_lpf                          
00007c5d  __TI_decompress_lzss                 
00007d55  __gedf2                              
00007d55  __gtdf2                              
00007dc9  SYSCFG_DL_DMA_init                   
00007dd1  __aeabi_d2f                          
00007dd1  __truncdfsf2                         
00007e45  mpu_get_accel_fsr                    
00007f99  mpu_get_gyro_sens                    
00008009  __cmpdf2                             
00008009  __eqdf2                              
00008009  __ledf2                              
00008009  __ltdf2                              
00008009  __nedf2                              
00008071  any_printf                           
0000813f  dmp_set_tap_axes                     
000081a5  __aeabi_dcmpeq                       
000081b9  __aeabi_dcmplt                       
000081cd  __aeabi_dcmple                       
000081e1  __aeabi_dcmpge                       
000081f5  __aeabi_dcmpgt                       
00008209  __aeabi_fcmpeq                       
0000821d  __aeabi_fcmplt                       
00008231  __aeabi_fcmple                       
00008245  __aeabi_fcmpge                       
00008259  __aeabi_fcmpgt                       
0000832d  SYSCFG_DL_ADC12_0_init               
0000838d  dmp_enable_gyro_cal                  
000083ed  fputs                                
0000844d  mpu6050_i2c_sda_unlock               
000084ad  mpu_get_gyro_fsr                     
0000850d  DL_I2C_fillControllerTXFIFO          
0000856d  frexp                                
0000856d  frexpl                               
000085c9  printf                               
0000867d  SYSCFG_DL_I2C_0_init                 
000086d5  __TI_ltoa                            
00008785  __aeabi_idiv                         
00008785  __aeabi_idivmod                      
000087dd  SYSCFG_DL_SYSCTL_init                
00008831  SYSCFG_DL_UART_1_init                
000089cd  DL_DMA_initChannel                   
00008a65  SYSCFG_DL_init                       
00008afd  __aeabi_d2iz                         
00008afd  __fixdfsi                            
00008b49  BT_DAMConfig                         
00008b91  DL_UART_init                         
00008bd9  SYSCFG_DL_UART_0_init                
00008c21  dmp_enable_6x_lp_quat                
00008c69  dmp_enable_lp_quat                   
00008cb1  DL_SYSCTL_switchMCLKfromSYSOSCtoHSCLK
00008cf5  dmp_set_shake_reject_thresh          
00008d39  dmp_set_tap_count                    
00008dc1  DL_ADC12_setClockConfig              
00008e01  MPU6050_initialize                   
00008e41  __aeabi_uidiv                        
00008e41  __aeabi_uidivmod                     
00008e81  __aeabi_f2d                          
00008e81  __extendsfdf2                        
00008ec1  atoi                                 
00008f01  __divmoddi4                          
00008ff5  DL_I2C_flushControllerTXFIFO         
00009031  IICreadBytes                         
0000906d  __aeabi_i2f                          
0000906d  __floatsisf                          
000090a9  __gesf2                              
000090a9  __gtsf2                              
000090e5  i2cRead                              
00009121  myi2cRead                            
0000915d  myi2cWrite                           
00009199  __TI_auto_init_nobinit_nopinit       
000091d5  __cmpsf2                             
000091d5  __eqsf2                              
000091d5  __lesf2                              
000091d5  __ltsf2                              
000091d5  __nesf2                              
00009211  __muldsi3                            
0000924d  __aeabi_f2iz                         
0000924d  __fixsfsi                            
000092ed  SYSCFG_DL_TIMER_0_init               
00009321  mpu_get_sample_rate                  
00009387  dmp_set_shake_reject_time            
000093b9  dmp_set_shake_reject_timeout         
0000947d  dmp_set_tap_time                     
000094ad  dmp_set_tap_time_multi               
0000950d  SYSCFG_DL_DebugTimer_init            
00009539  UART0_IRQHandler                     
00009591  __aeabi_i2d                          
00009591  __floatsidf                          
000095bd  fputc                                
000095e9  vsprintf                             
0000972d  __aeabi_ui2f                         
0000972d  __floatunsisf                        
00009755  _c_int00_noargs                      
000097ef  DL_I2C_setClockConfig                
00009815  ADC1_IRQHandler                      
00009881  __aeabi_lmul                         
00009881  __muldi3                             
000098a5  delay_ms                             
000098c9  memccpy                              
0000996d  DL_UART_transmitDataBlocking         
0000998d  MPU6050_getDeviceID                  
000099cd  memcmp                               
00009a29  MPU6050_setClockSource               
00009a47  MPU6050_setFullScaleAccelRange       
00009a65  MPU6050_setFullScaleGyroRange        
00009a85  __aeabi_llsl                         
00009a85  __ashldi3                            
00009c49  DL_Timer_setCaptCompUpdateMethod     
00009c65  DL_Timer_setClockConfig              
00009cb9  dmp_load_motion_driver_firmware      
00009cd5  mydelay_ms                           
00009cf1  MPU6050_setI2CBypassEnabled          
00009d0b  MPU6050_setI2CMasterModeEnabled      
00009d25  MPU6050_setSleepEnabled              
00009ff9  DL_Timer_setCaptureCompareOutCtl     
0000a089  SYSCFG_DL_DMA_CH0_init               
0000a0b9  mpu_get_fifo_config                  
0000a2b1  SYSCFG_DL_SYSTICK_init               
0000a2c5  __aeabi_ldivmod                      
0000a2d9  __aeabi_uldivmod                     
0000a325  DL_UART_setClockConfig               
0000a349  TI_memcpy_small                      
0000a35b  __TI_decompress_none                 
0000a3ad  DL_Timer_setCaptureCompareValue      
0000a3cd  wcslen                               
0000a3dd  __TI_zero_init                       
0000a3ed  __aeabi_memset                       
0000a3ed  __aeabi_memset4                      
0000a3ed  __aeabi_memset8                      
0000a3fb  mspm0_get_clock_ms                   
0000a417  strlen                               
0000a425  TI_memset_small                      
0000a435  Systick_getTick                      
0000a441  __aeabi_memclr                       
0000a441  __aeabi_memclr4                      
0000a441  __aeabi_memclr8                      
0000a44d  DL_Common_delayCycles                
0000a515  __aeabi_errno_addr                   
0000a51d  __aeabi_memcpy                       
0000a51d  __aeabi_memcpy4                      
0000a51d  __aeabi_memcpy8                      
0000a535  myget_ms                             
0000a55b  abort                                
0000a561  ADC0_IRQHandler                      
0000a561  AES_IRQHandler                       
0000a561  CANFD0_IRQHandler                    
0000a561  DAC0_IRQHandler                      
0000a561  DMA_IRQHandler                       
0000a561  Default_Handler                      
0000a561  GROUP0_IRQHandler                    
0000a561  HardFault_Handler                    
0000a561  I2C0_IRQHandler                      
0000a561  I2C1_IRQHandler                      
0000a561  NMI_Handler                          
0000a561  PendSV_Handler                       
0000a561  RTC_IRQHandler                       
0000a561  SPI0_IRQHandler                      
0000a561  SPI1_IRQHandler                      
0000a561  SVC_Handler                          
0000a561  SysTick_Handler                      
0000a561  TIMA0_IRQHandler                     
0000a561  TIMA1_IRQHandler                     
0000a561  TIMG0_IRQHandler                     
0000a561  TIMG12_IRQHandler                    
0000a561  TIMG6_IRQHandler                     
0000a561  TIMG7_IRQHandler                     
0000a561  TIMG8_IRQHandler                     
0000a561  UART1_IRQHandler                     
0000a561  UART2_IRQHandler                     
0000a561  UART3_IRQHandler                     
0000a564  C$$EXIT                              
0000a565  HOSTexit                             
0000a57d  Reset_Handler                        
0000a591  _system_pre_init                     
0000b196  oled_asc2_1608                       
0000b786  oled_asc2_1206                       
0000bc00  __aeabi_ctype_table_                 
0000bc00  __aeabi_ctype_table_C                
0000be20  test                                 
0000bfab  reg                                  
0000c02a  hw                                   
0000c16c  __TI_Handler_Table_Base              
0000c178  __TI_Handler_Table_Limit             
0000c180  __TI_CINIT_Base                      
0000c190  __TI_CINIT_Limit                     
0000c190  __TI_CINIT_Warm                      
20200000  OLED_GRAM                            
20200000  __start___llvm_prf_bits              
20200000  __start___llvm_prf_cnts              
20200000  __stop___llvm_prf_bits               
20200000  __stop___llvm_prf_cnts               
20200400  Ux_TxBuff                            
20200500  gBTPacket                            
202005c8  gPWM_0Backup                         
20200684  gDebugTimerBackup                    
2020072e  buffer                               
20200748  accel                                
2020074e  gyro                                 
20200778  Motor_Left                           
2020077c  Motor_Right                          
20200780  Pitch                                
20200784  Roll                                 
20200788  Velocity_Left                        
2020078c  Velocity_Right                       
20200790  Yaw                                  
20200798  sensors                              
2020079d  Flag_Left                            
2020079e  Flag_Right                           
2020079f  Flag_back                            
202007a0  Flag_front                           
202007a4  _ftable                              
202008c0  mpu6050                              
202008e4  UserOLED                             
20200900  User_sIICDev                         
20200928  mainFreqPriv                         
20200938  mainUseTimePriv                      
20200948  RTOSTaskDebug                        
2020096c  Balance_Kd                           
20200970  Balance_Kp                           
20200978  Turn_Kd                              
2020097c  Turn_Kp                              
20200980  UserKey                              
20200988  Velocity_Ki                          
2020098c  Velocity_Kp                          
20200990  __aeabi_errno                        
20200994  _lock                                
20200998  _unlock                              
202009a0  mainTaskFreqCheck                    
202009a4  mainTaskUseTime                      
202009ac  q0                                   
202009b0  q1                                   
202009b4  q2                                   
202009b8  q3                                   
202009bc  robotVol                             
202009c8  MiddleAngle                          
202009ca  g_EncoderACount                      
202009cc  g_EncoderBCount                      
202009d1  Flag_Stop                            
202009d2  Flag_velocity                        
202009d4  PID_Send                             
202009d5  getVolFlag                           
202009d8  mainTaskFreq                         
20207e00  __stack                              
20208000  __STACK_END                          
ffffffff  __TI_pprof_out_hndl                  
ffffffff  __TI_prof_data_size                  
ffffffff  __TI_prof_data_start                 
ffffffff  __binit__                            
ffffffff  binit                                
UNDEFED   __mpu_init                           
UNDEFED   _system_post_cinit                   

[349 symbols]
